Archive member included because of file (symbol)

./../../../../BitCloud/lib/libHAL_Raven_Atmega1284_4Mhz_Gcc.a(appTimer.o)
                              EndDevice_Raven_Atmega1284_Rf230B_4Mhz_Gcc/Obj/pdsDataServer.o (HAL_StopAppTimer)
./../../../../BitCloud/lib/libHAL_Raven_Atmega1284_4Mhz_Gcc.a(usart.o)
                              EndDevice_Raven_Atmega1284_Rf230B_4Mhz_Gcc/Obj/sipc.o (HAL_IsTxEmpty)
./../../../../BitCloud/lib/libHAL_Raven_Atmega1284_4Mhz_Gcc.a(eeprom.o)
                              EndDevice_Raven_Atmega1284_Rf230B_4Mhz_Gcc/Obj/pdsWriteData.o (HAL_ReadEeprom)
./../../../../BitCloud/lib/libHAL_Raven_Atmega1284_4Mhz_Gcc.a(timer.o)
                              ./../../../../BitCloud/lib/libHAL_Raven_Atmega1284_4Mhz_Gcc.a(appTimer.o) (halAddTimer)
./../../../../BitCloud/lib/libHAL_Raven_Atmega1284_4Mhz_Gcc.a(halSleepTimerClock.o)
                              ./../../../../BitCloud/lib/libHAL_Raven_Atmega1284_4Mhz_Gcc.a(appTimer.o) (halGetTimeOfSleepTimer)
./../../../../BitCloud/lib/libHAL_Raven_Atmega1284_4Mhz_Gcc.a(halAppClock.o)
                              ./../../../../BitCloud/lib/libHAL_Raven_Atmega1284_4Mhz_Gcc.a(appTimer.o) (halGetTimeOfAppTimer)
./../../../../BitCloud/lib/libHAL_Raven_Atmega1284_4Mhz_Gcc.a(halUsart.o)
                              ./../../../../BitCloud/lib/libHAL_Raven_Atmega1284_4Mhz_Gcc.a(usart.o) (halSetUsartConfig)
./../../../../BitCloud/lib/libHAL_Raven_Atmega1284_4Mhz_Gcc.a(halEeprom.o)
                              ./../../../../BitCloud/lib/libHAL_Raven_Atmega1284_4Mhz_Gcc.a(eeprom.o) (halEepromWrite)
./../../../../BitCloud/lib/libHAL_Raven_Atmega1284_4Mhz_Gcc.a(halSleep.o)
                              ./../../../../BitCloud/lib/libHAL_Raven_Atmega1284_4Mhz_Gcc.a(halSleepTimerClock.o) (HAL_Sleep)
./../../../../BitCloud/lib/libHAL_Raven_Atmega1284_4Mhz_Gcc.a(calibration.o)
                              ./../../../../BitCloud/lib/libHAL_Raven_Atmega1284_4Mhz_Gcc.a(halSleep.o) (halStartingCalibrate)
./../../../../BitCloud/lib/libHAL_Raven_Atmega1284_4Mhz_Gcc.a(halRfCtrl.o)
                              ./../../../../BitCloud/lib/libHAL_Raven_Atmega1284_4Mhz_Gcc.a(halSleep.o) (halWaitRadio)
./../../../../BitCloud/lib/libHAL_Raven_Atmega1284_4Mhz_Gcc.a(halW1.o)
                              ./../../../../BitCloud/lib/libHAL_Raven_Atmega1284_4Mhz_Gcc.a(calibration.o) (__delay_us)
./../../../../BitCloud/lib/libHAL_Raven_Atmega1284_4Mhz_Gcc.a(halCalibration.o)
                              ./../../../../BitCloud/lib/libHAL_Raven_Atmega1284_4Mhz_Gcc.a(calibration.o) (halMeasurement)
./../../../../BitCloud/lib/libHAL_Raven_Atmega1284_4Mhz_Gcc.a(halTaskManager.o)
                              ./../../../../BitCloud/lib/libHAL_Raven_Atmega1284_4Mhz_Gcc.a(halSleepTimerClock.o) (halTaskFlags0)
./../../../../BitCloud/lib/libHAL_Raven_Atmega1284_4Mhz_Gcc.a(i2cPacket.o)
                              ./../../../../BitCloud/lib/libHAL_Raven_Atmega1284_4Mhz_Gcc.a(halTaskManager.o) (halSig2WireSerialHandler)
./../../../../BitCloud/lib/libHAL_Raven_Atmega1284_4Mhz_Gcc.a(adc.o)
                              ./../../../../BitCloud/lib/libHAL_Raven_Atmega1284_4Mhz_Gcc.a(halTaskManager.o) (halSigAdcHandler)
./../../../../BitCloud/lib/libHAL_Raven_Atmega1284_4Mhz_Gcc.a(sleep.o)
                              ./../../../../BitCloud/lib/libHAL_Raven_Atmega1284_4Mhz_Gcc.a(halSleepTimerClock.o) (halSleepControl)
./../../../../BitCloud/lib/libHAL_Raven_Atmega1284_4Mhz_Gcc.a(halClkCtrl.o)
                              ./../../../../BitCloud/lib/libHAL_Raven_Atmega1284_4Mhz_Gcc.a(halSleep.o) (halGetClockSource)
./../../../../BitCloud/lib/libHAL_Raven_Atmega1284_4Mhz_Gcc.a(i2c.o)
                              ./../../../../BitCloud/lib/libHAL_Raven_Atmega1284_4Mhz_Gcc.a(i2cPacket.o) (halInitI2c)
./../../../../BitCloud/lib/libHAL_Raven_Atmega1284_4Mhz_Gcc.a(halAdc.o)
                              ./../../../../BitCloud/lib/libHAL_Raven_Atmega1284_4Mhz_Gcc.a(adc.o) (halCloseAdc)
./../../../../BitCloud/lib/libHAL_Raven_Atmega1284_4Mhz_Gcc.a(halRfSpi.o)
                              ./../../../../BitCloud/lib/libHAL_Raven_Atmega1284_4Mhz_Gcc.a(halRfCtrl.o) (HAL_WriteByteRfSpi)
./../../../../BitCloud/lib/libHAL_Raven_Atmega1284_4Mhz_Gcc.a(sleepTimer.o)
                              ./../../../../BitCloud/lib/libHAL_Raven_Atmega1284_4Mhz_Gcc.a(halTaskManager.o) (halAsyncTimerHandler)
./../../../../BitCloud/lib/libBc_EndDevice_Atmega1284_Rf230B_Gcc.a(phyRxTxIndicator.o)
                              ./../../../../BitCloud/lib/libHAL_Raven_Atmega1284_4Mhz_Gcc.a(halSleep.o) (phyRxTxSwitcherOn)
./../../../../BitCloud/lib/libBc_EndDevice_Atmega1284_Rf230B_Gcc.a(queue.o)
                              EndDevice_Raven_Atmega1284_Rf230B_4Mhz_Gcc/Obj/sipc.o (putQueueElem)
./../../../../BitCloud/lib/libBc_EndDevice_Atmega1284_Rf230B_Gcc.a(taskManager.o)
                              EndDevice_Raven_Atmega1284_Rf230B_4Mhz_Gcc/Obj/Ejercicio1.o (SYS_RunTask)
[...]
Memory Configuration

Name             Origin             Length             Attributes
text             0x00000000         0x00020000         xr
data             0x00800100         0x00003e0c         rw !x
eeprom           0x00810000         0x00001000         rw !x
*default*        0x00000000         0xffffffff

Linker script and memory map

Address of section .data set to 0x800100
LOAD /home/erich/avr/bin/../lib/gcc/avr/4.5.1/../../../../avr/lib/avr51/crtm1284p.o

.text           0x00000000     0xfe6c
                0x00000000                PROVIDE (__text_start, .)
 *(.vectors)
 .vectors       0x00000000       0x8c /home/erich/avr/bin/../lib/gcc/avr/4.5.1/../../../../avr/lib/avr51/crtm1284p.o
                0x00000000                __vectors
                0x00000000                __vector_default
 *(.vectors)
 *(.progmem.gcc*)
 .progmem.gcc_sw_table
                0x0000008c       0x28 ./../../../../BitCloud/lib/libBc_EndDevice_Atmega1284_Rf230B_Gcc.a(machwiManager.o)
 .progmem.gcc_sw_table
                0x000000b4       0x20 ./../../../../BitCloud/lib/libBc_EndDevice_Atmega1284_Rf230B_Gcc.a(machwiScanHandler.o)
 .progmem.gcc_sw_table
                0x000000d4       0x1e ./../../../../BitCloud/lib/libBc_EndDevice_Atmega1284_Rf230B_Gcc.a(nwk.o)
 .progmem.gcc_sw_table
                0x000000f2       0x58 ./../../../../BitCloud/lib/libBc_EndDevice_Atmega1284_Rf230B_Gcc.a(zdoDiscoveryManager.o)
 .progmem.gcc_sw_table
                0x0000014a      0x108 ./../../../../BitCloud/lib/libBc_EndDevice_Atmega1284_Rf230B_Gcc.a(macenvPib.o)
 *(.progmem*)
 .progmem.data  0x00000252       0x58 EndDevice_Raven_Atmega1284_Rf230B_4Mhz_Gcc/Obj/csPersistentMem.o
                0x00000252                csPersistentMemTable
 .progmem.data  0x000002aa      0x243 EndDevice_Raven_Atmega1284_Rf230B_4Mhz_Gcc/Obj/csMem.o
                0x000002aa                defaultNIB
                0x0000032a                defaultZIB
                0x00000359                defaultAIB
                0x0000035a                defaultSIB
                0x00000393                csReadOnlyItems
                0x000003b1                csMemoryItems
 .progmem.data  0x000004ed        0xc ./../../../../BitCloud/lib/libHAL_Raven_Atmega1284_4Mhz_Gcc.a(usart.o)
 .progmem.data  0x000004f9        0x8 ./../../../../BitCloud/lib/libBc_EndDevice_Atmega1284_Rf230B_Gcc.a(aps.o)
 .progmem.data  0x00000501      0x10a ./../../../../BitCloud/lib/libBc_EndDevice_Atmega1284_Rf230B_Gcc.a(nwk.o)
                0x0000060c                . = ALIGN (0x2)
 *fill*         0x0000060b        0x1 00
 *(.trampolines*)
 .trampolines   0x0000060c        0x0 linker stubs
 *(.jumptables*)
 *(.lowtext*)
 *(.init0)
 .init0         0x0000060c        0x0 /home/erich/avr/bin/../lib/gcc/avr/4.5.1/../../../../avr/lib/avr51/crtm1284p.o
                0x0000060c                __init
 .init0         0x0000060c       0x30 ./../../../../BitCloud/lib/WdtInitatmega1284_Gcc.o
                0x0000060c                halWdtInit
 *(.init0)
 *(.init1)
 *(.init1)
 *(.init2)
 .init2         0x0000063c        0xc /home/erich/avr/bin/../lib/gcc/avr/4.5.1/../../../../avr/lib/avr51/crtm1284p.o
 *(.init2)
 *(.init3)
 *(.init3)
 *(.init4)
 .init4         0x00000648       0x1a /home/erich/avr/bin/../lib/gcc/avr/4.5.1/avr51/libgcc.a(_copy_data.o)
                0x00000648                __do_copy_data
 .init4         0x00000662       0x10 /home/erich/avr/bin/../lib/gcc/avr/4.5.1/avr51/libgcc.a(_clear_bss.o)
                0x00000662                __do_clear_bss
 *(.init4)
 *(.init5)
 *(.init5)
 *(.init6)
 *(.init6)
 *(.init7)
 *(.init7)
 *(.init8)
 *(.init8)
 *(.text.main)
 .text.main     0x00000672        0xa EndDevice_Raven_Atmega1284_Rf230B_4Mhz_Gcc/Obj/Ejercicio1.o
                0x00000672                main
 *(.text.main)
 *(.text)
 .text          0x0000067c        0x4 /home/erich/avr/bin/../lib/gcc/avr/4.5.1/../../../../avr/lib/avr51/crtm1284p.o
                0x0000067c                __vector_1
                0x0000067c                __vector_32
                0x0000067c                __vector_34
                0x0000067c                __bad_interrupt
                0x0000067c                __vector_6
                0x0000067c                __vector_31
                0x0000067c                __vector_3
                0x0000067c                __vector_23
                0x0000067c                __vector_17
                0x0000067c                __vector_19
                0x0000067c                __vector_7
                0x0000067c                __vector_27
                0x0000067c                __vector_5
                0x0000067c                __vector_33
                0x0000067c                __vector_4
                0x0000067c                __vector_2
                0x0000067c                __vector_15
                0x0000067c                __vector_8
                0x0000067c                __vector_10
                0x0000067c                __vector_16
                0x0000067c                __vector_18
 .text          0x00000680       0xc6 ./../../../../BitCloud/lib/libHAL_Raven_Atmega1284_4Mhz_Gcc.a(halW1.o)
                0x00000680                halResetW1
                0x000006b4                halReadW1Bit
                0x000006e4                halReadW1
                0x00000700                halWriteW1bit
                0x0000072c                halWriteW1
                0x0000073e                __delay_us
 .text          0x00000746       0x3a ./../../../../BitCloud/lib/libHAL_Raven_Atmega1284_4Mhz_Gcc.a(halCalibration.o)
                0x00000746                halMeasurement
 .text          0x00000780       0xe2 /home/erich/avr/bin/../lib/gcc/avr/4.5.1/avr51/libgcc.a(_ashldi3.o)
                0x00000780                __ashldi3
 *(.text.*)
 .text.pdsDummyCallback
                0x00000862        0x2 EndDevice_Raven_Atmega1284_Rf230B_4Mhz_Gcc/Obj/pdsWriteData.o
                0x00000862                pdsDummyCallback
 .text.pdsStartPdsTimer
                0x00000864       0x3e EndDevice_Raven_Atmega1284_Rf230B_4Mhz_Gcc/Obj/pdsWriteData.o
                0x00000864                pdsStartPdsTimer
 .text.pdsStartPersistServer
                0x000008a2        0xc EndDevice_Raven_Atmega1284_Rf230B_4Mhz_Gcc/Obj/pdsWriteData.o
                0x000008a2                pdsStartPersistServer
 .text.pdsPrepareMemoryAccess
                0x000008ae       0x8e EndDevice_Raven_Atmega1284_Rf230B_4Mhz_Gcc/Obj/pdsWriteData.o
                0x000008ae                pdsPrepareMemoryAccess
 .text.pdsWaitMemoryFree
                0x0000093c       0x10 EndDevice_Raven_Atmega1284_Rf230B_4Mhz_Gcc/Obj/pdsWriteData.o
                0x0000093c                pdsWaitMemoryFree
 .text.pdsRead  0x0000094c       0x3e EndDevice_Raven_Atmega1284_Rf230B_4Mhz_Gcc/Obj/pdsWriteData.o
                0x0000094c                pdsRead
 .text.pdsUpdate
                0x0000098a       0x40 EndDevice_Raven_Atmega1284_Rf230B_4Mhz_Gcc/Obj/pdsWriteData.o
                0x0000098a                pdsUpdate
 .text.pdsWrite
                0x000009ca       0x3e EndDevice_Raven_Atmega1284_Rf230B_4Mhz_Gcc/Obj/pdsWriteData.o
                0x000009ca                pdsWrite
 .text.pdsOnTimerSave
                0x00000a08       0xe2 EndDevice_Raven_Atmega1284_Rf230B_4Mhz_Gcc/Obj/pdsWriteData.o
                0x00000a08                pdsOnTimerSave
 .text.PDS_SetToDefault
                0x00000aea       0x4e EndDevice_Raven_Atmega1284_Rf230B_4Mhz_Gcc/Obj/pdsDataServer.o
                0x00000aea                PDS_SetToDefault
 .text.PDS_Init
                0x00000b38       0x34 EndDevice_Raven_Atmega1284_Rf230B_4Mhz_Gcc/Obj/pdsDataServer.o
                0x00000b38                PDS_Init
 .text.pdsCalculateCrc
                0x00000b6c       0x94 EndDevice_Raven_Atmega1284_Rf230B_4Mhz_Gcc/Obj/pdsCrcService.o
                0x00000b6c                pdsCalculateCrc
 .text.pdsReadCrc
                0x00000c00       0x92 EndDevice_Raven_Atmega1284_Rf230B_4Mhz_Gcc/Obj/pdsCrcService.o
                0x00000c00                pdsReadCrc
 .text.pdsClearCrcArea
                0x00000c92       0x5c EndDevice_Raven_Atmega1284_Rf230B_4Mhz_Gcc/Obj/pdsCrcService.o
                0x00000c92                pdsClearCrcArea
 .text.pdsWriteCrc
                0x00000cee       0xa6 EndDevice_Raven_Atmega1284_Rf230B_4Mhz_Gcc/Obj/pdsCrcService.o
                0x00000cee                pdsWriteCrc
 .text.pdsCheckPersistMemory
                0x00000d94       0x40 EndDevice_Raven_Atmega1284_Rf230B_4Mhz_Gcc/Obj/pdsCrcService.o
                0x00000d94                pdsCheckPersistMemory
 .text.rxCallback
                0x00000dd4       0xea EndDevice_Raven_Atmega1284_Rf230B_4Mhz_Gcc/Obj/sipc.o
 .text.bspSipcOpen
                0x00000ebe       0x2e EndDevice_Raven_Atmega1284_Rf230B_4Mhz_Gcc/Obj/sipc.o
                0x00000ebe                bspSipcOpen
 .text.bspSipcSendFrameByParts
                0x00000eec       0xa6 EndDevice_Raven_Atmega1284_Rf230B_4Mhz_Gcc/Obj/sipc.o
                0x00000eec                bspSipcSendFrameByParts
 .text.BSP_TaskHandler
                0x00000f92        0x2 EndDevice_Raven_Atmega1284_Rf230B_4Mhz_Gcc/Obj/bspTaskManager.o
                0x00000f92                BSP_TaskHandler
 .text.BSP_OpenLcd
                0x00000f94        0xa EndDevice_Raven_Atmega1284_Rf230B_4Mhz_Gcc/Obj/lcd.o
                0x00000f94                BSP_OpenLcd
 .text.BSP_SendLcdMsg
                0x00000f9e       0x4a EndDevice_Raven_Atmega1284_Rf230B_4Mhz_Gcc/Obj/lcd.o
                0x00000f9e                BSP_SendLcdMsg
 .text.csSetToDefault
                0x00000fe8       0x64 EndDevice_Raven_Atmega1284_Rf230B_4Mhz_Gcc/Obj/csMem.o
                0x00000fe8                csSetToDefault
 .text.csGetItem
                0x0000104c       0x38 EndDevice_Raven_Atmega1284_Rf230B_4Mhz_Gcc/Obj/configServer.o
 .text.CS_Init  0x00001084        0xa EndDevice_Raven_Atmega1284_Rf230B_4Mhz_Gcc/Obj/configServer.o
                0x00001084                CS_Init
 .text.CS_ReadParameter
                0x0000108e       0x36 EndDevice_Raven_Atmega1284_Rf230B_4Mhz_Gcc/Obj/configServer.o
                0x0000108e                CS_ReadParameter
 .text.CS_WriteParameter
                0x000010c4       0x34 EndDevice_Raven_Atmega1284_Rf230B_4Mhz_Gcc/Obj/configServer.o
                0x000010c4                CS_WriteParameter
 .text.CS_GetMemory
                0x000010f8       0x18 EndDevice_Raven_Atmega1284_Rf230B_4Mhz_Gcc/Obj/configServer.o
                0x000010f8                CS_GetMemory
 .text.CS_PdsDefaultValue
                0x00001110       0xe4 EndDevice_Raven_Atmega1284_Rf230B_4Mhz_Gcc/Obj/configServer.o
                0x00001110                CS_PdsDefaultValue
 .text.ZDO_MgmtNwkUpdateNotf
                0x000011f4        0x2 EndDevice_Raven_Atmega1284_Rf230B_4Mhz_Gcc/Obj/Ejercicio1.o
                0x000011f4                ZDO_MgmtNwkUpdateNotf
 .text.ZDO_WakeUpInd
                0x000011f6        0x2 EndDevice_Raven_Atmega1284_Rf230B_4Mhz_Gcc/Obj/Ejercicio1.o
                0x000011f6                ZDO_WakeUpInd
 .text.ZDO_BindIndication
                0x000011f8        0x2 EndDevice_Raven_Atmega1284_Rf230B_4Mhz_Gcc/Obj/Ejercicio1.o
                0x000011f8                ZDO_BindIndication
 .text.ZDO_UnbindIndication
                0x000011fa        0x2 EndDevice_Raven_Atmega1284_Rf230B_4Mhz_Gcc/Obj/Ejercicio1.o
                0x000011fa                ZDO_UnbindIndication
 .text.APL_TaskHandler
                0x000011fc       0x4a EndDevice_Raven_Atmega1284_Rf230B_4Mhz_Gcc/Obj/Ejercicio1.o
                0x000011fc                APL_TaskHandler
 .text.HAL_GetSystemTime
                0x00001246       0x4e ./../../../../BitCloud/lib/libHAL_Raven_Atmega1284_4Mhz_Gcc.a(appTimer.o)
                0x00001246                HAL_GetSystemTime
 .text.HAL_StopAppTimer
                0x00001294       0x4a ./../../../../BitCloud/lib/libHAL_Raven_Atmega1284_4Mhz_Gcc.a(appTimer.o)
                0x00001294                HAL_StopAppTimer
 .text.HAL_StartAppTimer
                0x000012de       0x56 ./../../../../BitCloud/lib/libHAL_Raven_Atmega1284_4Mhz_Gcc.a(appTimer.o)
                0x000012de                HAL_StartAppTimer
 .text.halAppTimerHandler
                0x00001334       0x8a ./../../../../BitCloud/lib/libHAL_Raven_Atmega1284_4Mhz_Gcc.a(appTimer.o)
                0x00001334                halAppTimerHandler
 .text.halPostUsartTask
                0x000013be       0x3c ./../../../../BitCloud/lib/libHAL_Raven_Atmega1284_4Mhz_Gcc.a(usart.o)
                0x000013be                halPostUsartTask
 .text.halUsartRxBufferFiller
                0x000013fa       0xe0 ./../../../../BitCloud/lib/libHAL_Raven_Atmega1284_4Mhz_Gcc.a(usart.o)
                0x000013fa                halUsartRxBufferFiller
 .text.halUsartHwController
                0x000014da       0xaa ./../../../../BitCloud/lib/libHAL_Raven_Atmega1284_4Mhz_Gcc.a(usart.o)
 .text.halSigUsartTransmissionComplete
                0x00001584       0x58 ./../../../../BitCloud/lib/libHAL_Raven_Atmega1284_4Mhz_Gcc.a(usart.o)
                0x00001584                halSigUsartTransmissionComplete
 .text.halSigUsartReceptionComplete
                0x000015dc       0x4c ./../../../../BitCloud/lib/libHAL_Raven_Atmega1284_4Mhz_Gcc.a(usart.o)
 .text.halIsUsartChannelCorrect
                0x00001628       0x10 ./../../../../BitCloud/lib/libHAL_Raven_Atmega1284_4Mhz_Gcc.a(usart.o)
                0x00001628                halIsUsartChannelCorrect
 .text.HAL_ReadUsart
                0x00001638       0xd6 ./../../../../BitCloud/lib/libHAL_Raven_Atmega1284_4Mhz_Gcc.a(usart.o)
                0x00001638                HAL_ReadUsart
 .text.HAL_WriteUsart
                0x0000170e      0x106 ./../../../../BitCloud/lib/libHAL_Raven_Atmega1284_4Mhz_Gcc.a(usart.o)
                0x0000170e                HAL_WriteUsart
 .text.halSetUsartClockPinDirection
                0x00001814       0x36 ./../../../../BitCloud/lib/libHAL_Raven_Atmega1284_4Mhz_Gcc.a(usart.o)
 .text.halUsartTaskUsart0Dre
                0x0000184a        0x8 ./../../../../BitCloud/lib/libHAL_Raven_Atmega1284_4Mhz_Gcc.a(usart.o)
 .text.halUsartTaskUsart0Txc
                0x00001852        0x8 ./../../../../BitCloud/lib/libHAL_Raven_Atmega1284_4Mhz_Gcc.a(usart.o)
 .text.halUsartTaskUsart0Rxc
                0x0000185a        0x8 ./../../../../BitCloud/lib/libHAL_Raven_Atmega1284_4Mhz_Gcc.a(usart.o)
 .text.halUsartTaskUsart1Dre
                0x00001862        0x8 ./../../../../BitCloud/lib/libHAL_Raven_Atmega1284_4Mhz_Gcc.a(usart.o)
 .text.halUsartTaskUsart1Txc
                0x0000186a        0x8 ./../../../../BitCloud/lib/libHAL_Raven_Atmega1284_4Mhz_Gcc.a(usart.o)
 .text.halUsartTaskUsart1Rxc
                0x00001872        0x8 ./../../../../BitCloud/lib/libHAL_Raven_Atmega1284_4Mhz_Gcc.a(usart.o)
 .text.HAL_OpenUsart
                0x0000187a       0x96 ./../../../../BitCloud/lib/libHAL_Raven_Atmega1284_4Mhz_Gcc.a(usart.o)
                0x0000187a                HAL_OpenUsart
 .text.halSigUsartHandler
                0x00001910       0x8a ./../../../../BitCloud/lib/libHAL_Raven_Atmega1284_4Mhz_Gcc.a(usart.o)
                0x00001910                halSigUsartHandler
 .text.HAL_ReadEeprom
                0x0000199a       0xc4 ./../../../../BitCloud/lib/libHAL_Raven_Atmega1284_4Mhz_Gcc.a(eeprom.o)
                0x0000199a                HAL_ReadEeprom
 .text.HAL_IsEepromBusy
                0x00001a5e       0x10 ./../../../../BitCloud/lib/libHAL_Raven_Atmega1284_4Mhz_Gcc.a(eeprom.o)
                0x00001a5e                HAL_IsEepromBusy
 .text.halSigEepromReadyHandler
                0x00001a6e       0x64 ./../../../../BitCloud/lib/libHAL_Raven_Atmega1284_4Mhz_Gcc.a(eeprom.o)
                0x00001a6e                halSigEepromReadyHandler
 .text.HAL_WriteEeprom
                0x00001ad2       0xf2 ./../../../../BitCloud/lib/libHAL_Raven_Atmega1284_4Mhz_Gcc.a(eeprom.o)
                0x00001ad2                HAL_WriteEeprom
 .text.halAddTimer
                0x00001bc4       0x9e ./../../../../BitCloud/lib/libHAL_Raven_Atmega1284_4Mhz_Gcc.a(timer.o)
                0x00001bc4                halAddTimer
 .text.halRemoveTimer
                0x00001c62       0x3c ./../../../../BitCloud/lib/libHAL_Raven_Atmega1284_4Mhz_Gcc.a(timer.o)
                0x00001c62                halRemoveTimer
 .text.halFindPrevTimer
                0x00001c9e       0x1e ./../../../../BitCloud/lib/libHAL_Raven_Atmega1284_4Mhz_Gcc.a(timer.o)
                0x00001c9e                halFindPrevTimer
 .text.halStartSleepTimerClock
                0x00001cbc       0x48 ./../../../../BitCloud/lib/libHAL_Raven_Atmega1284_4Mhz_Gcc.a(halSleepTimerClock.o)
                0x00001cbc                halStartSleepTimerClock
 .text.halStopSleepTimerClock
                0x00001d04       0x42 ./../../../../BitCloud/lib/libHAL_Raven_Atmega1284_4Mhz_Gcc.a(halSleepTimerClock.o)
                0x00001d04                halStopSleepTimerClock
 .text.halSetSleepTimerInterval
                0x00001d46       0x84 ./../../../../BitCloud/lib/libHAL_Raven_Atmega1284_4Mhz_Gcc.a(halSleepTimerClock.o)
                0x00001d46                halSetSleepTimerInterval
 .text.halGetTimeOfSleepTimer
                0x00001dca       0xbc ./../../../../BitCloud/lib/libHAL_Raven_Atmega1284_4Mhz_Gcc.a(halSleepTimerClock.o)
                0x00001dca                halGetTimeOfSleepTimer
 .text.halSleepTimerFrequency
                0x00001e86        0xa ./../../../../BitCloud/lib/libHAL_Raven_Atmega1284_4Mhz_Gcc.a(halSleepTimerClock.o)
                0x00001e86                halSleepTimerFrequency
 .text.halSleepSystemTimeSynchronize
                0x00001e90       0x5e ./../../../../BitCloud/lib/libHAL_Raven_Atmega1284_4Mhz_Gcc.a(halSleepTimerClock.o)
                0x00001e90                halSleepSystemTimeSynchronize
 .text.__vector_9
                0x00001eee       0x92 ./../../../../BitCloud/lib/libHAL_Raven_Atmega1284_4Mhz_Gcc.a(halSleepTimerClock.o)
                0x00001eee                __vector_9
 .text.__vector_11
                0x00001f80      0x10a ./../../../../BitCloud/lib/libHAL_Raven_Atmega1284_4Mhz_Gcc.a(halSleepTimerClock.o)
                0x00001f80                __vector_11
 .text.halInitAppClock
                0x0000208a       0x26 ./../../../../BitCloud/lib/libHAL_Raven_Atmega1284_4Mhz_Gcc.a(halAppClock.o)
                0x0000208a                halInitAppClock
 .text.halAdjustSleepInterval
                0x000020b0       0x4c ./../../../../BitCloud/lib/libHAL_Raven_Atmega1284_4Mhz_Gcc.a(halAppClock.o)
                0x000020b0                halAdjustSleepInterval
 .text.halAppSystemTimeSynchronize
                0x000020fc       0x5e ./../../../../BitCloud/lib/libHAL_Raven_Atmega1284_4Mhz_Gcc.a(halAppClock.o)
                0x000020fc                halAppSystemTimeSynchronize
 .text.halGetTimeOfAppTimer
                0x0000215a       0x16 ./../../../../BitCloud/lib/libHAL_Raven_Atmega1284_4Mhz_Gcc.a(halAppClock.o)
                0x0000215a                halGetTimeOfAppTimer
 .text.__vector_13
                0x00002170       0x4c ./../../../../BitCloud/lib/libHAL_Raven_Atmega1284_4Mhz_Gcc.a(halAppClock.o)
                0x00002170                __vector_13
 .text.halSetUsartConfig
                0x000021bc       0xd0 ./../../../../BitCloud/lib/libHAL_Raven_Atmega1284_4Mhz_Gcc.a(halUsart.o)
                0x000021bc                halSetUsartConfig
 .text.__vector_28
                0x0000228c       0x64 ./../../../../BitCloud/lib/libHAL_Raven_Atmega1284_4Mhz_Gcc.a(halUsart.o)
                0x0000228c                __vector_28
 .text.__vector_30
                0x000022f0       0x5c ./../../../../BitCloud/lib/libHAL_Raven_Atmega1284_4Mhz_Gcc.a(halUsart.o)
                0x000022f0                __vector_30
 .text.__vector_29
                0x0000234c       0x5c ./../../../../BitCloud/lib/libHAL_Raven_Atmega1284_4Mhz_Gcc.a(halUsart.o)
                0x0000234c                __vector_29
 .text.__vector_20
                0x000023a8       0x64 ./../../../../BitCloud/lib/libHAL_Raven_Atmega1284_4Mhz_Gcc.a(halUsart.o)
                0x000023a8                __vector_20
 .text.__vector_22
                0x0000240c       0x5c ./../../../../BitCloud/lib/libHAL_Raven_Atmega1284_4Mhz_Gcc.a(halUsart.o)
                0x0000240c                __vector_22
 .text.__vector_21
                0x00002468       0x5c ./../../../../BitCloud/lib/libHAL_Raven_Atmega1284_4Mhz_Gcc.a(halUsart.o)
                0x00002468                __vector_21
 .text.halEepromWrite
                0x000024c4       0x1e ./../../../../BitCloud/lib/libHAL_Raven_Atmega1284_4Mhz_Gcc.a(halEeprom.o)
                0x000024c4                halEepromWrite
 .text.__vector_25
                0x000024e2       0x44 ./../../../../BitCloud/lib/libHAL_Raven_Atmega1284_4Mhz_Gcc.a(halEeprom.o)
                0x000024e2                __vector_25
 .text.halWakeupHandler
                0x00002526       0x5a ./../../../../BitCloud/lib/libHAL_Raven_Atmega1284_4Mhz_Gcc.a(halSleep.o)
                0x00002526                halWakeupHandler
 .text.HAL_Sleep
                0x00002580       0xe8 ./../../../../BitCloud/lib/libHAL_Raven_Atmega1284_4Mhz_Gcc.a(halSleep.o)
                0x00002580                HAL_Sleep
 .text.halPowerOn
                0x00002668       0x5e ./../../../../BitCloud/lib/libHAL_Raven_Atmega1284_4Mhz_Gcc.a(halSleep.o)
                0x00002668                halPowerOn
 .text.halPowerOff
                0x000026c6       0xc6 ./../../../../BitCloud/lib/libHAL_Raven_Atmega1284_4Mhz_Gcc.a(halSleep.o)
                0x000026c6                halPowerOff
 .text.halCalibrateInternalRc
                0x0000278c       0xdc ./../../../../BitCloud/lib/libHAL_Raven_Atmega1284_4Mhz_Gcc.a(calibration.o)
                0x0000278c                halCalibrateInternalRc
 .text.HAL_CalibrateMainClock
                0x00002868        0xe ./../../../../BitCloud/lib/libHAL_Raven_Atmega1284_4Mhz_Gcc.a(calibration.o)
                0x00002868                HAL_CalibrateMainClock
 .text.halStartingCalibrate
                0x00002876       0x22 ./../../../../BitCloud/lib/libHAL_Raven_Atmega1284_4Mhz_Gcc.a(calibration.o)
                0x00002876                halStartingCalibrate
 .text.HAL_ClearRfIrqFlag
                0x00002898        0x6 ./../../../../BitCloud/lib/libHAL_Raven_Atmega1284_4Mhz_Gcc.a(halRfCtrl.o)
                0x00002898                HAL_ClearRfIrqFlag
 .text.HAL_EnableRfIrq
                0x0000289e        0xc ./../../../../BitCloud/lib/libHAL_Raven_Atmega1284_4Mhz_Gcc.a(halRfCtrl.o)
                0x0000289e                HAL_EnableRfIrq
 .text.HAL_DisableRfIrq
                0x000028aa       0x10 ./../../../../BitCloud/lib/libHAL_Raven_Atmega1284_4Mhz_Gcc.a(halRfCtrl.o)
                0x000028aa                HAL_DisableRfIrq
 .text.HAL_SetRfSlpTr
                0x000028ba        0x4 ./../../../../BitCloud/lib/libHAL_Raven_Atmega1284_4Mhz_Gcc.a(halRfCtrl.o)
                0x000028ba                HAL_SetRfSlpTr
 .text.HAL_ClearRfSlpTr
                0x000028be        0x4 ./../../../../BitCloud/lib/libHAL_Raven_Atmega1284_4Mhz_Gcc.a(halRfCtrl.o)
                0x000028be                HAL_ClearRfSlpTr
 .text.HAL_SetRfRst
                0x000028c2        0x4 ./../../../../BitCloud/lib/libHAL_Raven_Atmega1284_4Mhz_Gcc.a(halRfCtrl.o)
                0x000028c2                HAL_SetRfRst
 .text.HAL_ClearRfRst
                0x000028c6        0x4 ./../../../../BitCloud/lib/libHAL_Raven_Atmega1284_4Mhz_Gcc.a(halRfCtrl.o)
                0x000028c6                HAL_ClearRfRst
 .text.HAL_InitRfPins
                0x000028ca       0x12 ./../../../../BitCloud/lib/libHAL_Raven_Atmega1284_4Mhz_Gcc.a(halRfCtrl.o)
                0x000028ca                HAL_InitRfPins
 .text.HAL_InitRfIrq
                0x000028dc        0xc ./../../../../BitCloud/lib/libHAL_Raven_Atmega1284_4Mhz_Gcc.a(halRfCtrl.o)
                0x000028dc                HAL_InitRfIrq
 .text.HAL_GetRfFreq
                0x000028e8        0x4 ./../../../../BitCloud/lib/libHAL_Raven_Atmega1284_4Mhz_Gcc.a(halRfCtrl.o)
                0x000028e8                HAL_GetRfFreq
 .text.halWaitRadio
                0x000028ec       0x22 ./../../../../BitCloud/lib/libHAL_Raven_Atmega1284_4Mhz_Gcc.a(halRfCtrl.o)
                0x000028ec                halWaitRadio
 .text.HAL_Delay
                0x0000290e        0x6 ./../../../../BitCloud/lib/libHAL_Raven_Atmega1284_4Mhz_Gcc.a(halRfCtrl.o)
                0x0000290e                HAL_Delay
 .text.HAL_TaskHandler
                0x00002914      0x156 ./../../../../BitCloud/lib/libHAL_Raven_Atmega1284_4Mhz_Gcc.a(halTaskManager.o)
                0x00002914                HAL_TaskHandler
 .text.halI2cBusReset
                0x00002a6a       0x30 ./../../../../BitCloud/lib/libHAL_Raven_Atmega1284_4Mhz_Gcc.a(i2cPacket.o)
                0x00002a6a                halI2cBusReset
 .text.HAL_CloseI2cPacket
                0x00002a9a       0x22 ./../../../../BitCloud/lib/libHAL_Raven_Atmega1284_4Mhz_Gcc.a(i2cPacket.o)
                0x00002a9a                HAL_CloseI2cPacket
 .text.halSendStartDoneI2c
                0x00002abc       0x42 ./../../../../BitCloud/lib/libHAL_Raven_Atmega1284_4Mhz_Gcc.a(i2cPacket.o)
                0x00002abc                halSendStartDoneI2c
 .text.halWriteData
                0x00002afe       0x60 ./../../../../BitCloud/lib/libHAL_Raven_Atmega1284_4Mhz_Gcc.a(i2cPacket.o)
                0x00002afe                halWriteData
 .text.halWriteInternalAddress
                0x00002b5e       0x56 ./../../../../BitCloud/lib/libHAL_Raven_Atmega1284_4Mhz_Gcc.a(i2cPacket.o)
                0x00002b5e                halWriteInternalAddress
 .text.halWriteDoneI2c
                0x00002bb4       0x3a ./../../../../BitCloud/lib/libHAL_Raven_Atmega1284_4Mhz_Gcc.a(i2cPacket.o)
                0x00002bb4                halWriteDoneI2c
 .text.halMasterReadWriteAddressAckI2c
                0x00002bee       0x34 ./../../../../BitCloud/lib/libHAL_Raven_Atmega1284_4Mhz_Gcc.a(i2cPacket.o)
                0x00002bee                halMasterReadWriteAddressAckI2c
 .text.halReadDoneI2c
                0x00002c22       0x5a ./../../../../BitCloud/lib/libHAL_Raven_Atmega1284_4Mhz_Gcc.a(i2cPacket.o)
                0x00002c22                halReadDoneI2c
 .text.halReadLastByteDoneI2c
                0x00002c7c       0x58 ./../../../../BitCloud/lib/libHAL_Raven_Atmega1284_4Mhz_Gcc.a(i2cPacket.o)
                0x00002c7c                halReadLastByteDoneI2c
 .text.halSig2WireSerialHandler
                0x00002cd4       0x38 ./../../../../BitCloud/lib/libHAL_Raven_Atmega1284_4Mhz_Gcc.a(i2cPacket.o)
                0x00002cd4                halSig2WireSerialHandler
 .text.HAL_OpenI2cPacket
                0x00002d0c       0x2c ./../../../../BitCloud/lib/libHAL_Raven_Atmega1284_4Mhz_Gcc.a(i2cPacket.o)
                0x00002d0c                HAL_OpenI2cPacket
 .text.halSigAdcHandler
                0x00002d38       0x1e ./../../../../BitCloud/lib/libHAL_Raven_Atmega1284_4Mhz_Gcc.a(adc.o)
                0x00002d38                halSigAdcHandler
 .text.HAL_StartSystemSleep
                0x00002d56       0x76 ./../../../../BitCloud/lib/libHAL_Raven_Atmega1284_4Mhz_Gcc.a(sleep.o)
                0x00002d56                HAL_StartSystemSleep
 .text.halGetClockSource
                0x00002dcc        0x6 ./../../../../BitCloud/lib/libHAL_Raven_Atmega1284_4Mhz_Gcc.a(halClkCtrl.o)
                0x00002dcc                halGetClockSource
 .text.halInitFreq
                0x00002dd2       0x4c ./../../../../BitCloud/lib/libHAL_Raven_Atmega1284_4Mhz_Gcc.a(halClkCtrl.o)
                0x00002dd2                halInitFreq
 .text.halInitI2c
                0x00002e1e       0x12 ./../../../../BitCloud/lib/libHAL_Raven_Atmega1284_4Mhz_Gcc.a(i2c.o)
                0x00002e1e                halInitI2c
 .text.__vector_26
                0x00002e30       0xd6 ./../../../../BitCloud/lib/libHAL_Raven_Atmega1284_4Mhz_Gcc.a(i2c.o)
                0x00002e30                __vector_26
 .text.__vector_24
                0x00002f06       0xca ./../../../../BitCloud/lib/libHAL_Raven_Atmega1284_4Mhz_Gcc.a(halAdc.o)
                0x00002f06                __vector_24
 .text.HAL_InitRfSpi
                0x00002fd0       0x16 ./../../../../BitCloud/lib/libHAL_Raven_Atmega1284_4Mhz_Gcc.a(halRfSpi.o)
                0x00002fd0                HAL_InitRfSpi
 .text.HAL_WriteByteRfSpi
                0x00002fe6       0x2a ./../../../../BitCloud/lib/libHAL_Raven_Atmega1284_4Mhz_Gcc.a(halRfSpi.o)
                0x00002fe6                HAL_WriteByteRfSpi
 .text.HAL_DeselectRfSpi
                0x00003010        0x4 ./../../../../BitCloud/lib/libHAL_Raven_Atmega1284_4Mhz_Gcc.a(halRfSpi.o)
                0x00003010                HAL_DeselectRfSpi
 .text.HAL_SelectRfSpi
                0x00003014        0x4 ./../../../../BitCloud/lib/libHAL_Raven_Atmega1284_4Mhz_Gcc.a(halRfSpi.o)
                0x00003014                HAL_SelectRfSpi
 .text.halAsyncTimerHandler
                0x00003018       0x52 ./../../../../BitCloud/lib/libHAL_Raven_Atmega1284_4Mhz_Gcc.a(sleepTimer.o)
                0x00003018                halAsyncTimerHandler
 .text.HAL_StartSleepTimer
                0x0000306a       0x74 ./../../../../BitCloud/lib/libHAL_Raven_Atmega1284_4Mhz_Gcc.a(sleepTimer.o)
                0x0000306a                HAL_StartSleepTimer
 .text.phyRxTxSwitcherOn
                0x000030de        0x2 ./../../../../BitCloud/lib/libBc_EndDevice_Atmega1284_Rf230B_Gcc.a(phyRxTxIndicator.o)
                0x000030de                phyRxTxSwitcherOn
 .text.phyRxTxSwitcherOff
                0x000030e0        0x2 ./../../../../BitCloud/lib/libBc_EndDevice_Atmega1284_Rf230B_Gcc.a(phyRxTxIndicator.o)
                0x000030e0                phyRxTxSwitcherOff
 .text.putQueueElem
                0x000030e2       0x30 ./../../../../BitCloud/lib/libBc_EndDevice_Atmega1284_Rf230B_Gcc.a(queue.o)
                0x000030e2                putQueueElem
 .text.deleteHeadQueueElem
                0x00003112       0x20 ./../../../../BitCloud/lib/libBc_EndDevice_Atmega1284_Rf230B_Gcc.a(queue.o)
                0x00003112                deleteHeadQueueElem
 .text.deleteQueueElem
                0x00003132       0x40 ./../../../../BitCloud/lib/libBc_EndDevice_Atmega1284_Rf230B_Gcc.a(queue.o)
                0x00003132                deleteQueueElem
 .text.SYS_RunTask
                0x00003172       0x74 ./../../../../BitCloud/lib/libBc_EndDevice_Atmega1284_Rf230B_Gcc.a(taskManager.o)
                0x00003172                SYS_RunTask
 .text.SYS_ForceRunTask
                0x000031e6        0x6 ./../../../../BitCloud/lib/libBc_EndDevice_Atmega1284_Rf230B_Gcc.a(taskManager.o)
                0x000031e6                SYS_ForceRunTask
 .text.SYS_SysInit
                0x000031ec       0x22 ./../../../../BitCloud/lib/libBc_EndDevice_Atmega1284_Rf230B_Gcc.a(taskManager.o)
                0x000031ec                SYS_SysInit
 .text.zdoPostTask
                0x0000320e       0x3c ./../../../../BitCloud/lib/libBc_EndDevice_Atmega1284_Rf230B_Gcc.a(zdoTaskManager.o)
                0x0000320e                zdoPostTask
 .text.zdoUnpostTask
                0x0000324a       0x28 ./../../../../BitCloud/lib/libBc_EndDevice_Atmega1284_Rf230B_Gcc.a(zdoTaskManager.o)
                0x0000324a                zdoUnpostTask
 .text.ZDO_TaskHandler
                0x00003272       0x7a ./../../../../BitCloud/lib/libBc_EndDevice_Atmega1284_Rf230B_Gcc.a(zdoTaskManager.o)
                0x00003272                ZDO_TaskHandler
 .text.zdoSetZdpIndState
                0x000032ec       0x10 ./../../../../BitCloud/lib/libBc_EndDevice_Atmega1284_Rf230B_Gcc.a(zdoZdpFrameProcessor.o)
                0x000032ec                zdoSetZdpIndState
 .text.zdoSetZdpDataReqState
                0x000032fc       0x22 ./../../../../BitCloud/lib/libBc_EndDevice_Atmega1284_Rf230B_Gcc.a(zdoZdpFrameProcessor.o)
                0x000032fc                zdoSetZdpDataReqState
 .text.zdoZdpSendRequest
                0x0000331e       0x10 ./../../../../BitCloud/lib/libBc_EndDevice_Atmega1284_Rf230B_Gcc.a(zdoZdpFrameProcessor.o)
                0x0000331e                zdoZdpSendRequest
 .text.zdoZdpFrameProcessorHandler
                0x0000332e      0x194 ./../../../../BitCloud/lib/libBc_EndDevice_Atmega1284_Rf230B_Gcc.a(zdoZdpFrameProcessor.o)
                0x0000332e                zdoZdpFrameProcessorHandler
 .text.zdoZdpApsConfCallback
                0x000034c2       0x8a ./../../../../BitCloud/lib/libBc_EndDevice_Atmega1284_Rf230B_Gcc.a(zdoZdpFrameProcessor.o)
 .text.APS_ZdoDataInd
                0x0000354c      0x146 ./../../../../BitCloud/lib/libBc_EndDevice_Atmega1284_Rf230B_Gcc.a(zdoZdpFrameProcessor.o)
                0x0000354c                APS_ZdoDataInd
 .text.zdoZdpFrameProcessorReset
                0x00003692       0x3c ./../../../../BitCloud/lib/libBc_EndDevice_Atmega1284_Rf230B_Gcc.a(zdoZdpFrameProcessor.o)
                0x00003692                zdoZdpFrameProcessorReset
 .text.ttlUpdateTimerFired
                0x000036ce       0x6a ./../../../../BitCloud/lib/libBc_EndDevice_Atmega1284_Rf230B_Gcc.a(zdoZdpManager.o)
 .text.zdoZdpManagerHandler
                0x00003738      0x12c ./../../../../BitCloud/lib/libBc_EndDevice_Atmega1284_Rf230B_Gcc.a(zdoZdpManager.o)
                0x00003738                zdoZdpManagerHandler
 .text.ZDO_ZdpReq
                0x00003864       0x48 ./../../../../BitCloud/lib/libBc_EndDevice_Atmega1284_Rf230B_Gcc.a(zdoZdpManager.o)
                0x00003864                ZDO_ZdpReq
 .text.zdoZdpResetReq
                0x000038ac       0x58 ./../../../../BitCloud/lib/libBc_EndDevice_Atmega1284_Rf230B_Gcc.a(zdoZdpManager.o)
                0x000038ac                zdoZdpResetReq
 .text.apsIsValidBindingParameters
                0x00003904       0x34 ./../../../../BitCloud/lib/libBc_EndDevice_Atmega1284_Rf230B_Gcc.a(aps.o)
 .text.apsGetApsCounter
                0x00003938        0xe ./../../../../BitCloud/lib/libBc_EndDevice_Atmega1284_Rf230B_Gcc.a(aps.o)
 .text.apsAckForFragmentedReceiveConfirmHandler
                0x00003946       0x10 ./../../../../BitCloud/lib/libBc_EndDevice_Atmega1284_Rf230B_Gcc.a(aps.o)
 .text.apsPrepareFragmentedTransmission
                0x00003956       0x72 ./../../../../BitCloud/lib/libBc_EndDevice_Atmega1284_Rf230B_Gcc.a(aps.o)
 .text.apsIsFragmentationDataReq
                0x000039c8       0x24 ./../../../../BitCloud/lib/libBc_EndDevice_Atmega1284_Rf230B_Gcc.a(aps.o)
 .text.apsGetAckByDataBuffer
                0x000039ec       0x2e ./../../../../BitCloud/lib/libBc_EndDevice_Atmega1284_Rf230B_Gcc.a(aps.o)
 .text.APS_NextEndpoint
                0x00003a1a       0x16 ./../../../../BitCloud/lib/libBc_EndDevice_Atmega1284_Rf230B_Gcc.a(aps.o)
                0x00003a1a                APS_NextEndpoint
 .text.apsFindEndpoint
                0x00003a30       0x2a ./../../../../BitCloud/lib/libBc_EndDevice_Atmega1284_Rf230B_Gcc.a(aps.o)
 .text.apsGetBuffer
                0x00003a5a      0x138 ./../../../../BitCloud/lib/libBc_EndDevice_Atmega1284_Rf230B_Gcc.a(aps.o)
 .text.apsFreeBuffer
                0x00003b92       0xa4 ./../../../../BitCloud/lib/libBc_EndDevice_Atmega1284_Rf230B_Gcc.a(aps.o)
 .text.APS_IsActiveTransaction
                0x00003c36       0x4e ./../../../../BitCloud/lib/libBc_EndDevice_Atmega1284_Rf230B_Gcc.a(aps.o)
                0x00003c36                APS_IsActiveTransaction
 .text.apsPostTask
                0x00003c84       0x32 ./../../../../BitCloud/lib/libBc_EndDevice_Atmega1284_Rf230B_Gcc.a(aps.o)
 .text.apsMakeApsDataConf
                0x00003cb6       0x5a ./../../../../BitCloud/lib/libBc_EndDevice_Atmega1284_Rf230B_Gcc.a(aps.o)
 .text.APS_TaskHandler
                0x00003d10       0x9c ./../../../../BitCloud/lib/libBc_EndDevice_Atmega1284_Rf230B_Gcc.a(aps.o)
                0x00003d10                APS_TaskHandler
 .text.apsStopConf
                0x00003dac       0x42 ./../../../../BitCloud/lib/libBc_EndDevice_Atmega1284_Rf230B_Gcc.a(aps.o)
 .text.apsSendNwkDataReq
                0x00003dee       0x10 ./../../../../BitCloud/lib/libBc_EndDevice_Atmega1284_Rf230B_Gcc.a(aps.o)
 .text.apsProcessShortAddrModeDataReq
                0x00003dfe      0x1f6 ./../../../../BitCloud/lib/libBc_EndDevice_Atmega1284_Rf230B_Gcc.a(aps.o)
 .text.apsSendNextBlock
                0x00003ff4       0x14 ./../../../../BitCloud/lib/libBc_EndDevice_Atmega1284_Rf230B_Gcc.a(aps.o)
 .text.apsSendAckForFragmentedReceive
                0x00004008       0xbc ./../../../../BitCloud/lib/libBc_EndDevice_Atmega1284_Rf230B_Gcc.a(aps.o)
 .text.apsDataManagerNwkDataConf
                0x000040c4       0x1c ./../../../../BitCloud/lib/libBc_EndDevice_Atmega1284_Rf230B_Gcc.a(aps.o)
 .text.apsProcessEvent
                0x000040e0       0x26 ./../../../../BitCloud/lib/libBc_EndDevice_Atmega1284_Rf230B_Gcc.a(aps.o)
 .text.APS_StopReq
                0x00004106        0xe ./../../../../BitCloud/lib/libBc_EndDevice_Atmega1284_Rf230B_Gcc.a(aps.o)
                0x00004106                APS_StopReq
 .text.APS_StartReq
                0x00004114        0xe ./../../../../BitCloud/lib/libBc_EndDevice_Atmega1284_Rf230B_Gcc.a(aps.o)
                0x00004114                APS_StartReq
 .text.APS_ResetReq
                0x00004122        0xe ./../../../../BitCloud/lib/libBc_EndDevice_Atmega1284_Rf230B_Gcc.a(aps.o)
                0x00004122                APS_ResetReq
 .text.NWK_DataInd
                0x00004130       0x12 ./../../../../BitCloud/lib/libBc_EndDevice_Atmega1284_Rf230B_Gcc.a(aps.o)
                0x00004130                NWK_DataInd
 .text.APS_DataReq
                0x00004142       0x12 ./../../../../BitCloud/lib/libBc_EndDevice_Atmega1284_Rf230B_Gcc.a(aps.o)
                0x00004142                APS_DataReq
 .text.apsProcessGroupAddrModeDataReq
                0x00004154      0x158 ./../../../../BitCloud/lib/libBc_EndDevice_Atmega1284_Rf230B_Gcc.a(aps.o)
 .text.apsNextBind
                0x000042ac       0x76 ./../../../../BitCloud/lib/libBc_EndDevice_Atmega1284_Rf230B_Gcc.a(aps.o)
 .text.apsSendToNextBoundDevice
                0x00004322       0xb0 ./../../../../BitCloud/lib/libBc_EndDevice_Atmega1284_Rf230B_Gcc.a(aps.o)
 .text.apsHandleTransmittedData
                0x000043d2       0x7a ./../../../../BitCloud/lib/libBc_EndDevice_Atmega1284_Rf230B_Gcc.a(aps.o)
 .text.apsProcessIndirectDataReq
                0x0000444c       0x30 ./../../../../BitCloud/lib/libBc_EndDevice_Atmega1284_Rf230B_Gcc.a(aps.o)
 .text.apsFindBindingEntry
                0x0000447c       0xc2 ./../../../../BitCloud/lib/libBc_EndDevice_Atmega1284_Rf230B_Gcc.a(aps.o)
 .text.APS_UnbindReq
                0x0000453e       0x24 ./../../../../BitCloud/lib/libBc_EndDevice_Atmega1284_Rf230B_Gcc.a(aps.o)
                0x0000453e                APS_UnbindReq
 .text.APS_BindReq
                0x00004562       0x68 ./../../../../BitCloud/lib/libBc_EndDevice_Atmega1284_Rf230B_Gcc.a(aps.o)
                0x00004562                APS_BindReq
 .text.apsGroupIndication
                0x000045ca       0x88 ./../../../../BitCloud/lib/libBc_EndDevice_Atmega1284_Rf230B_Gcc.a(aps.o)
 .text.apsUnicastDataInd
                0x00004652      0x2b4 ./../../../../BitCloud/lib/libBc_EndDevice_Atmega1284_Rf230B_Gcc.a(aps.o)
 .text.apsApduUnicastHandler
                0x00004906      0x54e ./../../../../BitCloud/lib/libBc_EndDevice_Atmega1284_Rf230B_Gcc.a(aps.o)
 .text.apsResetMemoryManager
                0x00004e54      0x11a ./../../../../BitCloud/lib/libBc_EndDevice_Atmega1284_Rf230B_Gcc.a(aps.o)
 .text.apsAckOnTimerFired
                0x00004f6e      0x118 ./../../../../BitCloud/lib/libBc_EndDevice_Atmega1284_Rf230B_Gcc.a(aps.o)
 .text.APS_Init
                0x00005086       0x2e ./../../../../BitCloud/lib/libBc_EndDevice_Atmega1284_Rf230B_Gcc.a(aps.o)
                0x00005086                APS_Init
 .text.APS_CalculateTimes
                0x000050b4      0x144 ./../../../../BitCloud/lib/libBc_EndDevice_Atmega1284_Rf230B_Gcc.a(aps.o)
                0x000050b4                APS_CalculateTimes
 .text.apsResetDataManager
                0x000051f8      0x11c ./../../../../BitCloud/lib/libBc_EndDevice_Atmega1284_Rf230B_Gcc.a(aps.o)
 .text.apsDataTaskHandler
                0x00005314      0xab2 ./../../../../BitCloud/lib/libBc_EndDevice_Atmega1284_Rf230B_Gcc.a(aps.o)
 .text.apsNwkResetConf
                0x00005dc6      0x1a0 ./../../../../BitCloud/lib/libBc_EndDevice_Atmega1284_Rf230B_Gcc.a(aps.o)
 .text.apsStateMachineTaskHandler
                0x00005f66       0xe8 ./../../../../BitCloud/lib/libBc_EndDevice_Atmega1284_Rf230B_Gcc.a(aps.o)
 .text.postNewMacRequest
                0x0000604e       0x46 ./../../../../BitCloud/lib/libBc_EndDevice_Atmega1284_Rf230B_Gcc.a(machwdManager.o)
 .text.MAC_PHY_HWD_TaskHandler
                0x00006094      0x1b0 ./../../../../BitCloud/lib/libBc_EndDevice_Atmega1284_Rf230B_Gcc.a(machwdManager.o)
                0x00006094                MAC_PHY_HWD_TaskHandler
 .text.MACHWD_Reset
                0x00006244       0x46 ./../../../../BitCloud/lib/libBc_EndDevice_Atmega1284_Rf230B_Gcc.a(machwdManager.o)
                0x00006244                MACHWD_Reset
 .text.putReqInQueue
                0x0000628a       0x18 ./../../../../BitCloud/lib/libBc_EndDevice_Atmega1284_Rf230B_Gcc.a(machwdManager.o)
 .text.RF_RandomReq
                0x000062a2       0x16 ./../../../../BitCloud/lib/libBc_EndDevice_Atmega1284_Rf230B_Gcc.a(machwdManager.o)
                0x000062a2                RF_RandomReq
 .text.MACHWD_EdReq
                0x000062b8        0xe ./../../../../BitCloud/lib/libBc_EndDevice_Atmega1284_Rf230B_Gcc.a(machwdManager.o)
                0x000062b8                MACHWD_EdReq
 .text.MACHWD_SetReq
                0x000062c6        0xe ./../../../../BitCloud/lib/libBc_EndDevice_Atmega1284_Rf230B_Gcc.a(machwdManager.o)
                0x000062c6                MACHWD_SetReq
 .text.MACHWD_SetTrxStateReq
                0x000062d4        0xe ./../../../../BitCloud/lib/libBc_EndDevice_Atmega1284_Rf230B_Gcc.a(machwdManager.o)
                0x000062d4                MACHWD_SetTrxStateReq
 .text.MACHWD_DataReq
                0x000062e2        0xa ./../../../../BitCloud/lib/libBc_EndDevice_Atmega1284_Rf230B_Gcc.a(machwdManager.o)
                0x000062e2                MACHWD_DataReq
 .text.machwdReset
                0x000062ec       0xb8 ./../../../../BitCloud/lib/libBc_EndDevice_Atmega1284_Rf230B_Gcc.a(machwdResetHandler.o)
                0x000062ec                machwdReset
 .text.machwdRndReqHandler
                0x000063a4       0x14 ./../../../../BitCloud/lib/libBc_EndDevice_Atmega1284_Rf230B_Gcc.a(machwdRndHandler.o)
                0x000063a4                machwdRndReqHandler
 .text.machwdNextBuffer
                0x000063b8       0x10 ./../../../../BitCloud/lib/libBc_EndDevice_Atmega1284_Rf230B_Gcc.a(machwdRxBuffer.o)
                0x000063b8                machwdNextBuffer
 .text.machwdReleaseBuffer
                0x000063c8       0x62 ./../../../../BitCloud/lib/libBc_EndDevice_Atmega1284_Rf230B_Gcc.a(machwdRxBuffer.o)
                0x000063c8                machwdReleaseBuffer
 .text.machwdNextBufferPresent
                0x0000642a       0x22 ./../../../../BitCloud/lib/libBc_EndDevice_Atmega1284_Rf230B_Gcc.a(machwdRxBuffer.o)
                0x0000642a                machwdNextBufferPresent
 .text.machwdResetRxBuffer
                0x0000644c       0x62 ./../../../../BitCloud/lib/libBc_EndDevice_Atmega1284_Rf230B_Gcc.a(machwdRxBuffer.o)
                0x0000644c                machwdResetRxBuffer
 .text.machwdRxFrameIndTaskHandler
                0x000064ae      0x11e ./../../../../BitCloud/lib/libBc_EndDevice_Atmega1284_Rf230B_Gcc.a(machwdRxFrameHandler.o)
                0x000064ae                machwdRxFrameIndTaskHandler
 .text.machwdRxFrameTaskHandler
                0x000065cc       0x46 ./../../../../BitCloud/lib/libBc_EndDevice_Atmega1284_Rf230B_Gcc.a(machwdRxFrameHandler.o)
                0x000065cc                machwdRxFrameTaskHandler
 .text.machwdResetSetHandler
                0x00006612        0xe ./../../../../BitCloud/lib/libBc_EndDevice_Atmega1284_Rf230B_Gcc.a(machwdSetHandler.o)
                0x00006612                machwdResetSetHandler
 .text.executeSetReq
                0x00006620       0x98 ./../../../../BitCloud/lib/libBc_EndDevice_Atmega1284_Rf230B_Gcc.a(machwdSetHandler.o)
 .text.machwdSetTaskHandler
                0x000066b8       0x2e ./../../../../BitCloud/lib/libBc_EndDevice_Atmega1284_Rf230B_Gcc.a(machwdSetHandler.o)
                0x000066b8                machwdSetTaskHandler
 .text.machwdSetReqHandler
                0x000066e6      0x10a ./../../../../BitCloud/lib/libBc_EndDevice_Atmega1284_Rf230B_Gcc.a(machwdSetHandler.o)
                0x000066e6                machwdSetReqHandler
 .text.machwdGetPhyTrxCmd
                0x000067f0       0x16 ./../../../../BitCloud/lib/libBc_EndDevice_Atmega1284_Rf230B_Gcc.a(machwdTrxCtrl.o)
                0x000067f0                machwdGetPhyTrxCmd
 .text.machwdConvertTrxCmdToTrxState
                0x00006806       0x16 ./../../../../BitCloud/lib/libBc_EndDevice_Atmega1284_Rf230B_Gcc.a(machwdTrxCtrl.o)
                0x00006806                machwdConvertTrxCmdToTrxState
 .text.machwdConvertTrxStateToTrxCmd
                0x0000681c       0x1e ./../../../../BitCloud/lib/libBc_EndDevice_Atmega1284_Rf230B_Gcc.a(machwdTrxCtrl.o)
                0x0000681c                machwdConvertTrxStateToTrxCmd
 .text.machwdSendTrxCmd
                0x0000683a        0xe ./../../../../BitCloud/lib/libBc_EndDevice_Atmega1284_Rf230B_Gcc.a(machwdTrxCtrl.o)
                0x0000683a                machwdSendTrxCmd
 .text.machwdResetTrxHandler
                0x00006848        0x6 ./../../../../BitCloud/lib/libBc_EndDevice_Atmega1284_Rf230B_Gcc.a(machwdTrxHandler.o)
                0x00006848                machwdResetTrxHandler
 .text.machwdTrxTaskHandler
                0x0000684e       0x30 ./../../../../BitCloud/lib/libBc_EndDevice_Atmega1284_Rf230B_Gcc.a(machwdTrxHandler.o)
                0x0000684e                machwdTrxTaskHandler
 .text.machwdTrxReqHandler
                0x0000687e       0x40 ./../../../../BitCloud/lib/libBc_EndDevice_Atmega1284_Rf230B_Gcc.a(machwdTrxHandler.o)
                0x0000687e                machwdTrxReqHandler
 .text.machwdResetTxFrameHandler
                0x000068be        0xa ./../../../../BitCloud/lib/libBc_EndDevice_Atmega1284_Rf230B_Gcc.a(machwdTxFrameHandler.o)
                0x000068be                machwdResetTxFrameHandler
 .text.executeDataReq
                0x000068c8       0x28 ./../../../../BitCloud/lib/libBc_EndDevice_Atmega1284_Rf230B_Gcc.a(machwdTxFrameHandler.o)
 .text.machwdTxFrameTaskHandler
                0x000068f0       0x54 ./../../../../BitCloud/lib/libBc_EndDevice_Atmega1284_Rf230B_Gcc.a(machwdTxFrameHandler.o)
                0x000068f0                machwdTxFrameTaskHandler
 .text.machwdTxFrameReqHandler
                0x00006944       0x44 ./../../../../BitCloud/lib/libBc_EndDevice_Atmega1284_Rf230B_Gcc.a(machwdTxFrameHandler.o)
                0x00006944                machwdTxFrameReqHandler
 .text.machwiSendConfToUpperLayer
                0x00006988       0xa6 ./../../../../BitCloud/lib/libBc_EndDevice_Atmega1284_Rf230B_Gcc.a(machwiManager.o)
                0x00006988                machwiSendConfToUpperLayer
 .text.machwiSendSyncLossNotifyInd
                0x00006a2e       0x12 ./../../../../BitCloud/lib/libBc_EndDevice_Atmega1284_Rf230B_Gcc.a(machwiManager.o)
                0x00006a2e                machwiSendSyncLossNotifyInd
 .text.machwiSendBeaconNotifyInd
                0x00006a40       0x12 ./../../../../BitCloud/lib/libBc_EndDevice_Atmega1284_Rf230B_Gcc.a(machwiManager.o)
                0x00006a40                machwiSendBeaconNotifyInd
 .text.machwiSendDataInd
                0x00006a52       0x12 ./../../../../BitCloud/lib/libBc_EndDevice_Atmega1284_Rf230B_Gcc.a(machwiManager.o)
                0x00006a52                machwiSendDataInd
 .text.putReqInQueue
                0x00006a64       0x2c ./../../../../BitCloud/lib/libBc_EndDevice_Atmega1284_Rf230B_Gcc.a(machwiManager.o)
 .text.MAC_DataReq
                0x00006a90        0xe ./../../../../BitCloud/lib/libBc_EndDevice_Atmega1284_Rf230B_Gcc.a(machwiManager.o)
                0x00006a90                MAC_DataReq
 .text.MAC_PollReq
                0x00006a9e        0xe ./../../../../BitCloud/lib/libBc_EndDevice_Atmega1284_Rf230B_Gcc.a(machwiManager.o)
                0x00006a9e                MAC_PollReq
 .text.MAC_SetReq
                0x00006aac        0xe ./../../../../BitCloud/lib/libBc_EndDevice_Atmega1284_Rf230B_Gcc.a(machwiManager.o)
                0x00006aac                MAC_SetReq
 .text.MAC_ScanReq
                0x00006aba        0xe ./../../../../BitCloud/lib/libBc_EndDevice_Atmega1284_Rf230B_Gcc.a(machwiManager.o)
                0x00006aba                MAC_ScanReq
 .text.MAC_RxEnableReq
                0x00006ac8        0xe ./../../../../BitCloud/lib/libBc_EndDevice_Atmega1284_Rf230B_Gcc.a(machwiManager.o)
                0x00006ac8                MAC_RxEnableReq
 .text.MAC_GetReq
                0x00006ad6        0xe ./../../../../BitCloud/lib/libBc_EndDevice_Atmega1284_Rf230B_Gcc.a(machwiManager.o)
                0x00006ad6                MAC_GetReq
 .text.MAC_AssociateReq
                0x00006ae4        0xe ./../../../../BitCloud/lib/libBc_EndDevice_Atmega1284_Rf230B_Gcc.a(machwiManager.o)
                0x00006ae4                MAC_AssociateReq
 .text.MAC_ResetReq
                0x00006af2       0x54 ./../../../../BitCloud/lib/libBc_EndDevice_Atmega1284_Rf230B_Gcc.a(machwiManager.o)
                0x00006af2                MAC_ResetReq
 .text.MAC_HWI_TaskHandler
                0x00006b46       0x98 ./../../../../BitCloud/lib/libBc_EndDevice_Atmega1284_Rf230B_Gcc.a(machwiManager.o)
                0x00006b46                MAC_HWI_TaskHandler
 .text.MACHWD_DataInd
                0x00006bde       0x3c ./../../../../BitCloud/lib/libBc_EndDevice_Atmega1284_Rf230B_Gcc.a(machwiPanServer.o)
                0x00006bde                MACHWD_DataInd
 .text.machwiResetPollHandler
                0x00006c1a        0x6 ./../../../../BitCloud/lib/libBc_EndDevice_Atmega1284_Rf230B_Gcc.a(machwiPollHandler.o)
                0x00006c1a                machwiResetPollHandler
 .text.switchingCompleted
                0x00006c20       0x12 ./../../../../BitCloud/lib/libBc_EndDevice_Atmega1284_Rf230B_Gcc.a(machwiPollHandler.o)
 .text.machwiPollReqHandler
                0x00006c32      0x132 ./../../../../BitCloud/lib/libBc_EndDevice_Atmega1284_Rf230B_Gcc.a(machwiPollHandler.o)
                0x00006c32                machwiPollReqHandler
 .text.completeHandling
                0x00006d64       0x18 ./../../../../BitCloud/lib/libBc_EndDevice_Atmega1284_Rf230B_Gcc.a(machwiPollHandler.o)
 .text.machwdDataConfirm
                0x00006d7c       0x6a ./../../../../BitCloud/lib/libBc_EndDevice_Atmega1284_Rf230B_Gcc.a(machwiPollHandler.o)
 .text.halPollTimerFired
                0x00006de6        0x6 ./../../../../BitCloud/lib/libBc_EndDevice_Atmega1284_Rf230B_Gcc.a(machwiPollHandler.o)
 .text.machwiDataIndication
                0x00006dec      0x1de ./../../../../BitCloud/lib/libBc_EndDevice_Atmega1284_Rf230B_Gcc.a(machwiPollHandler.o)
                0x00006dec                machwiDataIndication
 .text.machwdSetTrxStateConfirm
                0x00006fca        0xe ./../../../../BitCloud/lib/libBc_EndDevice_Atmega1284_Rf230B_Gcc.a(machwiResetHandler.o)
 .text.machwiResetReqHandler
                0x00006fd8       0x96 ./../../../../BitCloud/lib/libBc_EndDevice_Atmega1284_Rf230B_Gcc.a(machwiResetHandler.o)
                0x00006fd8                machwiResetReqHandler
 .text.machwdSetConfirm
                0x0000706e       0x1c ./../../../../BitCloud/lib/libBc_EndDevice_Atmega1284_Rf230B_Gcc.a(machwiResetHandler.o)
 .text.machwiRxEnableReqHandler
                0x0000708a       0x3a ./../../../../BitCloud/lib/libBc_EndDevice_Atmega1284_Rf230B_Gcc.a(machwiRxEnableHandler.o)
                0x0000708a                machwiRxEnableReqHandler
 .text.machwdSetTrxStateConfirm
                0x000070c4       0x12 ./../../../../BitCloud/lib/libBc_EndDevice_Atmega1284_Rf230B_Gcc.a(machwiRxEnableHandler.o)
 .text.fillPanDescr
                0x000070d6       0x86 ./../../../../BitCloud/lib/libBc_EndDevice_Atmega1284_Rf230B_Gcc.a(machwiScanHandler.o)
 .text.machwiResetScanHandler
                0x0000715c        0x6 ./../../../../BitCloud/lib/libBc_EndDevice_Atmega1284_Rf230B_Gcc.a(machwiScanHandler.o)
                0x0000715c                machwiResetScanHandler
 .text.machwiCoordRealignmentCommandInd
                0x00007162      0x108 ./../../../../BitCloud/lib/libBc_EndDevice_Atmega1284_Rf230B_Gcc.a(machwiScanHandler.o)
                0x00007162                machwiCoordRealignmentCommandInd
 .text.setNextChannel
                0x0000726a       0xac ./../../../../BitCloud/lib/libBc_EndDevice_Atmega1284_Rf230B_Gcc.a(machwiScanHandler.o)
 .text.switchToActiveChannel
                0x00007316       0x60 ./../../../../BitCloud/lib/libBc_EndDevice_Atmega1284_Rf230B_Gcc.a(machwiScanHandler.o)
 .text.halScanTimerFired
                0x00007376       0x2a ./../../../../BitCloud/lib/libBc_EndDevice_Atmega1284_Rf230B_Gcc.a(machwiScanHandler.o)
 .text.machwdDataConfirm
                0x000073a0       0x76 ./../../../../BitCloud/lib/libBc_EndDevice_Atmega1284_Rf230B_Gcc.a(machwiScanHandler.o)
 .text.machwdEdConfirm
                0x00007416       0xf0 ./../../../../BitCloud/lib/libBc_EndDevice_Atmega1284_Rf230B_Gcc.a(machwiScanHandler.o)
 .text.finishScan
                0x00007506       0x24 ./../../../../BitCloud/lib/libBc_EndDevice_Atmega1284_Rf230B_Gcc.a(machwiScanHandler.o)
 .text.machwdSetConfirm
                0x0000752a      0x3f4 ./../../../../BitCloud/lib/libBc_EndDevice_Atmega1284_Rf230B_Gcc.a(machwiScanHandler.o)
 .text.machwdSetTrxStateConfirm
                0x0000791e       0xf6 ./../../../../BitCloud/lib/libBc_EndDevice_Atmega1284_Rf230B_Gcc.a(machwiScanHandler.o)
 .text.machwiBeaconInd
                0x00007a14      0x1d4 ./../../../../BitCloud/lib/libBc_EndDevice_Atmega1284_Rf230B_Gcc.a(machwiScanHandler.o)
                0x00007a14                machwiBeaconInd
 .text.machwiScanReqHandler
                0x00007be8      0x1c4 ./../../../../BitCloud/lib/libBc_EndDevice_Atmega1284_Rf230B_Gcc.a(machwiScanHandler.o)
                0x00007be8                machwiScanReqHandler
 .text.machwdSetConfirm
                0x00007dac        0xe ./../../../../BitCloud/lib/libBc_EndDevice_Atmega1284_Rf230B_Gcc.a(machwiSetGetHandler.o)
 .text.machwiSetReqHandler
                0x00007dba       0xae ./../../../../BitCloud/lib/libBc_EndDevice_Atmega1284_Rf230B_Gcc.a(machwiSetGetHandler.o)
                0x00007dba                machwiSetReqHandler
 .text.machwiGetReqHandler
                0x00007e68       0x4c ./../../../../BitCloud/lib/libBc_EndDevice_Atmega1284_Rf230B_Gcc.a(machwiSetGetHandler.o)
                0x00007e68                machwiGetReqHandler
 .text.machwdSetTrxStateConfirm
                0x00007eb4        0xc ./../../../../BitCloud/lib/libBc_EndDevice_Atmega1284_Rf230B_Gcc.a(machwiSwitchRxCtrl.o)
 .text.machwiSwitchRxAccordToRxOnWhenIdle
                0x00007ec0       0x2c ./../../../../BitCloud/lib/libBc_EndDevice_Atmega1284_Rf230B_Gcc.a(machwiSwitchRxCtrl.o)
                0x00007ec0                machwiSwitchRxAccordToRxOnWhenIdle
 .text.NWK_GetShortAddr
                0x00007eec        0xa ./../../../../BitCloud/lib/libBc_EndDevice_Atmega1284_Rf230B_Gcc.a(nwk.o)
                0x00007eec                NWK_GetShortAddr
 .text.NWK_IsStaticAddressingMode
                0x00007ef6        0x6 ./../../../../BitCloud/lib/libBc_EndDevice_Atmega1284_Rf230B_Gcc.a(nwk.o)
                0x00007ef6                NWK_IsStaticAddressingMode
 .text.nwkFindAddressMapEntryByShortAddr
                0x00007efc       0x32 ./../../../../BitCloud/lib/libBc_EndDevice_Atmega1284_Rf230B_Gcc.a(nwk.o)
 .text.NWK_IsGroupMember
                0x00007f2e       0x3a ./../../../../BitCloud/lib/libBc_EndDevice_Atmega1284_Rf230B_Gcc.a(nwk.o)
                0x00007f2e                NWK_IsGroupMember
 .text.nwkUpdateBeaconPayload
                0x00007f68      0x124 ./../../../../BitCloud/lib/libBc_EndDevice_Atmega1284_Rf230B_Gcc.a(nwk.o)
 .text.nwkSetDepth
                0x0000808c       0x10 ./../../../../BitCloud/lib/libBc_EndDevice_Atmega1284_Rf230B_Gcc.a(nwk.o)
 .text.NWK_GetParentShortAddr
                0x0000809c        0xa ./../../../../BitCloud/lib/libBc_EndDevice_Atmega1284_Rf230B_Gcc.a(nwk.o)
                0x0000809c                NWK_GetParentShortAddr
 .text.NWK_GetPanId
                0x000080a6        0xa ./../../../../BitCloud/lib/libBc_EndDevice_Atmega1284_Rf230B_Gcc.a(nwk.o)
                0x000080a6                NWK_GetPanId
 .text.NWK_GetExtPanId
                0x000080b0       0x22 ./../../../../BitCloud/lib/libBc_EndDevice_Atmega1284_Rf230B_Gcc.a(nwk.o)
                0x000080b0                NWK_GetExtPanId
 .text.NWK_SetExtPanId
                0x000080d2       0x34 ./../../../../BitCloud/lib/libBc_EndDevice_Atmega1284_Rf230B_Gcc.a(nwk.o)
                0x000080d2                NWK_SetExtPanId
 .text.NWK_GetDeviceType
                0x00008106        0x6 ./../../../../BitCloud/lib/libBc_EndDevice_Atmega1284_Rf230B_Gcc.a(nwk.o)
                0x00008106                NWK_GetDeviceType
 .text.NWK_GetLogicalChannel
                0x0000810c        0x6 ./../../../../BitCloud/lib/libBc_EndDevice_Atmega1284_Rf230B_Gcc.a(nwk.o)
                0x0000810c                NWK_GetLogicalChannel
 .text.NWK_SetLogicalChannel
                0x00008112        0x6 ./../../../../BitCloud/lib/libBc_EndDevice_Atmega1284_Rf230B_Gcc.a(nwk.o)
                0x00008112                NWK_SetLogicalChannel
 .text.NWK_GetBroadcastDeliveryTime
                0x00008118        0x6 ./../../../../BitCloud/lib/libBc_EndDevice_Atmega1284_Rf230B_Gcc.a(nwk.o)
                0x00008118                NWK_GetBroadcastDeliveryTime
 .text.NWK_GetManagerAddr
                0x0000811e        0xa ./../../../../BitCloud/lib/libBc_EndDevice_Atmega1284_Rf230B_Gcc.a(nwk.o)
                0x0000811e                NWK_GetManagerAddr
 .text.NWK_SetManagerAddr
                0x00008128        0xa ./../../../../BitCloud/lib/libBc_EndDevice_Atmega1284_Rf230B_Gcc.a(nwk.o)
                0x00008128                NWK_SetManagerAddr
 .text.NWK_SetUpdateId
                0x00008132        0xa ./../../../../BitCloud/lib/libBc_EndDevice_Atmega1284_Rf230B_Gcc.a(nwk.o)
                0x00008132                NWK_SetUpdateId
 .text.NWK_GetUpdateId
                0x0000813c        0x6 ./../../../../BitCloud/lib/libBc_EndDevice_Atmega1284_Rf230B_Gcc.a(nwk.o)
                0x0000813c                NWK_GetUpdateId
 .text.NWK_SetMaxFrameTransmissionTime
                0x00008142        0x6 ./../../../../BitCloud/lib/libBc_EndDevice_Atmega1284_Rf230B_Gcc.a(nwk.o)
                0x00008142                NWK_SetMaxFrameTransmissionTime
 .text.NWK_GetMaxFrameTransmissionTime
                0x00008148        0x6 ./../../../../BitCloud/lib/libBc_EndDevice_Atmega1284_Rf230B_Gcc.a(nwk.o)
                0x00008148                NWK_GetMaxFrameTransmissionTime
 .text.NWK_GetTransmitCouner
                0x0000814e        0xa ./../../../../BitCloud/lib/libBc_EndDevice_Atmega1284_Rf230B_Gcc.a(nwk.o)
                0x0000814e                NWK_GetTransmitCouner
 .text.NWK_GetTransmitFailureCounter
                0x00008158        0xa ./../../../../BitCloud/lib/libBc_EndDevice_Atmega1284_Rf230B_Gcc.a(nwk.o)
                0x00008158                NWK_GetTransmitFailureCounter
 .text.nwkClearNeighborTable
                0x00008162       0x76 ./../../../../BitCloud/lib/libBc_EndDevice_Atmega1284_Rf230B_Gcc.a(nwk.o)
 .text.NWK_FindNeighborByShortAddr
                0x000081d8       0x32 ./../../../../BitCloud/lib/libBc_EndDevice_Atmega1284_Rf230B_Gcc.a(nwk.o)
                0x000081d8                NWK_FindNeighborByShortAddr
 .text.NWK_GetExtByShortAddress
                0x0000820a       0x5e ./../../../../BitCloud/lib/libBc_EndDevice_Atmega1284_Rf230B_Gcc.a(nwk.o)
                0x0000820a                NWK_GetExtByShortAddress
 .text.nwkCostFromLqi
                0x00008268       0x1c ./../../../../BitCloud/lib/libBc_EndDevice_Atmega1284_Rf230B_Gcc.a(nwk.o)
 .text.NWK_GetNeighborTable
                0x00008284        0x6 ./../../../../BitCloud/lib/libBc_EndDevice_Atmega1284_Rf230B_Gcc.a(nwk.o)
                0x00008284                NWK_GetNeighborTable
 .text.nwkParseRxHeader
                0x0000828a       0xf4 ./../../../../BitCloud/lib/libBc_EndDevice_Atmega1284_Rf230B_Gcc.a(nwk.o)
 .text.NWK_IsActiveTransaction
                0x0000837e       0x32 ./../../../../BitCloud/lib/libBc_EndDevice_Atmega1284_Rf230B_Gcc.a(nwk.o)
                0x0000837e                NWK_IsActiveTransaction
 .text.MAC_SyncLossInd
                0x000083b0        0x2 ./../../../../BitCloud/lib/libBc_EndDevice_Atmega1284_Rf230B_Gcc.a(nwk.o)
                0x000083b0                MAC_SyncLossInd
 .text.nwkPostTask
                0x000083b2       0x58 ./../../../../BitCloud/lib/libBc_EndDevice_Atmega1284_Rf230B_Gcc.a(nwk.o)
 .text.nwkEDScanMacEDScanConf
                0x0000840a       0x4e ./../../../../BitCloud/lib/libBc_EndDevice_Atmega1284_Rf230B_Gcc.a(nwk.o)
 .text.nwkDiscoveryMacActiveScanConf
                0x00008458       0x2c ./../../../../BitCloud/lib/libBc_EndDevice_Atmega1284_Rf230B_Gcc.a(nwk.o)
 .text.nwkResetMacRxEnableConf
                0x00008484       0x1e ./../../../../BitCloud/lib/libBc_EndDevice_Atmega1284_Rf230B_Gcc.a(nwk.o)
 .text.NWK_GetUnicastDeliveryTime
                0x000084a2       0x70 ./../../../../BitCloud/lib/libBc_EndDevice_Atmega1284_Rf230B_Gcc.a(nwk.o)
                0x000084a2                NWK_GetUnicastDeliveryTime
 .text.nwkReloadNibFromConfigServer
                0x00008512       0x6c ./../../../../BitCloud/lib/libBc_EndDevice_Atmega1284_Rf230B_Gcc.a(nwk.o)
 .text.nwkSetLifeTimeOfNeighbor
                0x0000857e       0xf4 ./../../../../BitCloud/lib/libBc_EndDevice_Atmega1284_Rf230B_Gcc.a(nwk.o)
 .text.NWK_TaskHandler
                0x00008672       0xd8 ./../../../../BitCloud/lib/libBc_EndDevice_Atmega1284_Rf230B_Gcc.a(nwk.o)
                0x00008672                NWK_TaskHandler
 .text.nwkAllocPacket
                0x0000874a       0xcc ./../../../../BitCloud/lib/libBc_EndDevice_Atmega1284_Rf230B_Gcc.a(nwk.o)
 .text.nwkAllocInputPacket
                0x00008816       0x28 ./../../../../BitCloud/lib/libBc_EndDevice_Atmega1284_Rf230B_Gcc.a(nwk.o)
 .text.nwkLoopbackTaskHandler
                0x0000883e       0xcc ./../../../../BitCloud/lib/libBc_EndDevice_Atmega1284_Rf230B_Gcc.a(nwk.o)
 .text.nwkLoopbackTxReq
                0x0000890a       0x20 ./../../../../BitCloud/lib/libBc_EndDevice_Atmega1284_Rf230B_Gcc.a(nwk.o)
 .text.nwkDataConfTaskHandler
                0x0000892a       0x58 ./../../../../BitCloud/lib/libBc_EndDevice_Atmega1284_Rf230B_Gcc.a(nwk.o)
 .text.nwkTryToProcessCommandReq
                0x00008982       0x54 ./../../../../BitCloud/lib/libBc_EndDevice_Atmega1284_Rf230B_Gcc.a(nwk.o)
 .text.nwkCommandReq
                0x000089d6       0x14 ./../../../../BitCloud/lib/libBc_EndDevice_Atmega1284_Rf230B_Gcc.a(nwk.o)
 .text.nwkLeaveTaskHandler
                0x000089ea       0x8c ./../../../../BitCloud/lib/libBc_EndDevice_Atmega1284_Rf230B_Gcc.a(nwk.o)
 .text.nwkFreePacket
                0x00008a76       0x34 ./../../../../BitCloud/lib/libBc_EndDevice_Atmega1284_Rf230B_Gcc.a(nwk.o)
 .text.NWK_DataResp
                0x00008aaa       0x10 ./../../../../BitCloud/lib/libBc_EndDevice_Atmega1284_Rf230B_Gcc.a(nwk.o)
                0x00008aaa                NWK_DataResp
 .text.nwkDataConf
                0x00008aba       0x42 ./../../../../BitCloud/lib/libBc_EndDevice_Atmega1284_Rf230B_Gcc.a(nwk.o)
 .text.nwkConfirmDataTx
                0x00008afc        0xc ./../../../../BitCloud/lib/libBc_EndDevice_Atmega1284_Rf230B_Gcc.a(nwk.o)
 .text.NWK_SyncReq
                0x00008b08       0x20 ./../../../../BitCloud/lib/libBc_EndDevice_Atmega1284_Rf230B_Gcc.a(nwk.o)
                0x00008b08                NWK_SyncReq
 .text.NWK_ResetReq
                0x00008b28       0x20 ./../../../../BitCloud/lib/libBc_EndDevice_Atmega1284_Rf230B_Gcc.a(nwk.o)
                0x00008b28                NWK_ResetReq
 .text.NWK_LeaveReq
                0x00008b48       0x20 ./../../../../BitCloud/lib/libBc_EndDevice_Atmega1284_Rf230B_Gcc.a(nwk.o)
                0x00008b48                NWK_LeaveReq
 .text.NWK_JoinReq
                0x00008b68       0x20 ./../../../../BitCloud/lib/libBc_EndDevice_Atmega1284_Rf230B_Gcc.a(nwk.o)
                0x00008b68                NWK_JoinReq
 .text.NWK_EDScanReq
                0x00008b88       0x20 ./../../../../BitCloud/lib/libBc_EndDevice_Atmega1284_Rf230B_Gcc.a(nwk.o)
                0x00008b88                NWK_EDScanReq
 .text.NWK_NetworkDiscoveryReq
                0x00008ba8       0x20 ./../../../../BitCloud/lib/libBc_EndDevice_Atmega1284_Rf230B_Gcc.a(nwk.o)
                0x00008ba8                NWK_NetworkDiscoveryReq
 .text.nwkEDScanTaskHandler
                0x00008bc8       0xbc ./../../../../BitCloud/lib/libBc_EndDevice_Atmega1284_Rf230B_Gcc.a(nwk.o)
 .text.nwkDiscoveryTaskHandler
                0x00008c84       0xac ./../../../../BitCloud/lib/libBc_EndDevice_Atmega1284_Rf230B_Gcc.a(nwk.o)
 .text.nwkAddressConflictTaskHandler
                0x00008d30      0x128 ./../../../../BitCloud/lib/libBc_EndDevice_Atmega1284_Rf230B_Gcc.a(nwk.o)
 .text.nwkJoinReqTaskHandler
                0x00008e58      0x174 ./../../../../BitCloud/lib/libBc_EndDevice_Atmega1284_Rf230B_Gcc.a(nwk.o)
 .text.NWK_FindNeighborByExtAddr
                0x00008fcc       0x68 ./../../../../BitCloud/lib/libBc_EndDevice_Atmega1284_Rf230B_Gcc.a(nwk.o)
                0x00008fcc                NWK_FindNeighborByExtAddr
 .text.NWK_IsKnownChild
                0x00009034       0x24 ./../../../../BitCloud/lib/libBc_EndDevice_Atmega1284_Rf230B_Gcc.a(nwk.o)
                0x00009034                NWK_IsKnownChild
 .text.nwkFindAddressMapEntryByExtAddr
                0x00009058       0x50 ./../../../../BitCloud/lib/libBc_EndDevice_Atmega1284_Rf230B_Gcc.a(nwk.o)
 .text.MAC_BeaconNotifyInd
                0x000090a8      0x478 ./../../../../BitCloud/lib/libBc_EndDevice_Atmega1284_Rf230B_Gcc.a(nwk.o)
                0x000090a8                MAC_BeaconNotifyInd
 .text.NWK_GetShortByExtAddress
                0x00009520       0x68 ./../../../../BitCloud/lib/libBc_EndDevice_Atmega1284_Rf230B_Gcc.a(nwk.o)
                0x00009520                NWK_GetShortByExtAddress
 .text.nwkAllocNonConflAddr
                0x00009588       0xc2 ./../../../../BitCloud/lib/libBc_EndDevice_Atmega1284_Rf230B_Gcc.a(nwk.o)
                0x00009588                nwkAllocNonConflAddr
 .text.NWK_LinkShortAndExtAddress
                0x0000964a      0x156 ./../../../../BitCloud/lib/libBc_EndDevice_Atmega1284_Rf230B_Gcc.a(nwk.o)
                0x0000964a                NWK_LinkShortAndExtAddress
 .text.nwkFindDeviceToJoin
                0x000097a0      0x156 ./../../../../BitCloud/lib/libBc_EndDevice_Atmega1284_Rf230B_Gcc.a(nwk.o)
 .text.nwkAssociate
                0x000098f6       0x9e ./../../../../BitCloud/lib/libBc_EndDevice_Atmega1284_Rf230B_Gcc.a(nwk.o)
 .text.MAC_AssociateConf
                0x00009994       0xe0 ./../../../../BitCloud/lib/libBc_EndDevice_Atmega1284_Rf230B_Gcc.a(nwk.o)
 .text.nwkGetSuitableParent
                0x00009a74       0x80 ./../../../../BitCloud/lib/libBc_EndDevice_Atmega1284_Rf230B_Gcc.a(nwk.o)
 .text.nwkRejoinCmdPrepareAndSend
                0x00009af4       0x30 ./../../../../BitCloud/lib/libBc_EndDevice_Atmega1284_Rf230B_Gcc.a(nwk.o)
 .text.nwkJoinReqMacGetConf
                0x00009b24       0x3e ./../../../../BitCloud/lib/libBc_EndDevice_Atmega1284_Rf230B_Gcc.a(nwk.o)
 .text.nwkJoinReqMacPollConf
                0x00009b62       0x1c ./../../../../BitCloud/lib/libBc_EndDevice_Atmega1284_Rf230B_Gcc.a(nwk.o)
 .text.NWK_NetworkDiscoveryConf
                0x00009b7e       0x7a ./../../../../BitCloud/lib/libBc_EndDevice_Atmega1284_Rf230B_Gcc.a(nwk.o)
 .text.nwkResetMacSetConf
                0x00009bf8      0x144 ./../../../../BitCloud/lib/libBc_EndDevice_Atmega1284_Rf230B_Gcc.a(nwk.o)
 .text.nwkJoinReqMacSetConf
                0x00009d3c      0x168 ./../../../../BitCloud/lib/libBc_EndDevice_Atmega1284_Rf230B_Gcc.a(nwk.o)
 .text.nwkTxConf
                0x00009ea4       0xa2 ./../../../../BitCloud/lib/libBc_EndDevice_Atmega1284_Rf230B_Gcc.a(nwk.o)
 .text.NWK_JoinConf
                0x00009f46       0x54 ./../../../../BitCloud/lib/libBc_EndDevice_Atmega1284_Rf230B_Gcc.a(nwk.o)
 .text.nwkJoinReqMacRxEnableConf
                0x00009f9a       0x7a ./../../../../BitCloud/lib/libBc_EndDevice_Atmega1284_Rf230B_Gcc.a(nwk.o)
 .text.nwkTxDelayReq
                0x0000a014       0xa4 ./../../../../BitCloud/lib/libBc_EndDevice_Atmega1284_Rf230B_Gcc.a(nwk.o)
 .text.nwkConfirmJoinReqTx
                0x0000a0b8       0x62 ./../../../../BitCloud/lib/libBc_EndDevice_Atmega1284_Rf230B_Gcc.a(nwk.o)
 .text.nwkProcessDelayStatus
                0x0000a11a       0x1a ./../../../../BitCloud/lib/libBc_EndDevice_Atmega1284_Rf230B_Gcc.a(nwk.o)
 .text.MAC_DataConf
                0x0000a134       0x2c ./../../../../BitCloud/lib/libBc_EndDevice_Atmega1284_Rf230B_Gcc.a(nwk.o)
 .text.nwkTxTaskHandler
                0x0000a160      0x12c ./../../../../BitCloud/lib/libBc_EndDevice_Atmega1284_Rf230B_Gcc.a(nwk.o)
 .text.nwkConfirmLeaveItselfTx
                0x0000a28c       0x48 ./../../../../BitCloud/lib/libBc_EndDevice_Atmega1284_Rf230B_Gcc.a(nwk.o)
 .text.nwkResetTaskHandler
                0x0000a2d4       0x76 ./../../../../BitCloud/lib/libBc_EndDevice_Atmega1284_Rf230B_Gcc.a(nwk.o)
 .text.nwkRejoinResponseFrameInd
                0x0000a34a      0x140 ./../../../../BitCloud/lib/libBc_EndDevice_Atmega1284_Rf230B_Gcc.a(nwk.o)
 .text.nwkResetNeighborTable
                0x0000a48a       0x7e ./../../../../BitCloud/lib/libBc_EndDevice_Atmega1284_Rf230B_Gcc.a(nwk.o)
 .text.nwkLeaveReqMacResetConf
                0x0000a508       0xc0 ./../../../../BitCloud/lib/libBc_EndDevice_Atmega1284_Rf230B_Gcc.a(nwk.o)
 .text.nwkPrepareCommonFrame
                0x0000a5c8       0x48 ./../../../../BitCloud/lib/libBc_EndDevice_Atmega1284_Rf230B_Gcc.a(nwk.o)
 .text.nwkPrepareLeaveItselfTx
                0x0000a610       0x66 ./../../../../BitCloud/lib/libBc_EndDevice_Atmega1284_Rf230B_Gcc.a(nwk.o)
 .text.nwkPrepareJoinReqTx
                0x0000a676       0x8e ./../../../../BitCloud/lib/libBc_EndDevice_Atmega1284_Rf230B_Gcc.a(nwk.o)
 .text.NWK_DataReq
                0x0000a704      0x160 ./../../../../BitCloud/lib/libBc_EndDevice_Atmega1284_Rf230B_Gcc.a(nwk.o)
                0x0000a704                NWK_DataReq
 .text.NWK_Init
                0x0000a864       0x2a ./../../../../BitCloud/lib/libBc_EndDevice_Atmega1284_Rf230B_Gcc.a(nwk.o)
                0x0000a864                NWK_Init
 .text.NWK_ResetGroups
                0x0000a88e       0x5c ./../../../../BitCloud/lib/libBc_EndDevice_Atmega1284_Rf230B_Gcc.a(nwk.o)
                0x0000a88e                NWK_ResetGroups
 .text.responseWaitTimerFired
                0x0000a8ea       0x58 ./../../../../BitCloud/lib/libBc_EndDevice_Atmega1284_Rf230B_Gcc.a(nwk.o)
 .text.nwkSyncPollReq
                0x0000a942       0x2e ./../../../../BitCloud/lib/libBc_EndDevice_Atmega1284_Rf230B_Gcc.a(nwk.o)
 .text.nwkSyncTaskHandler
                0x0000a970       0x80 ./../../../../BitCloud/lib/libBc_EndDevice_Atmega1284_Rf230B_Gcc.a(nwk.o)
 .text.nwkSyncMacPollConf
                0x0000a9f0       0x34 ./../../../../BitCloud/lib/libBc_EndDevice_Atmega1284_Rf230B_Gcc.a(nwk.o)
 .text.nwkTxDelayTimerFired
                0x0000aa24       0x84 ./../../../../BitCloud/lib/libBc_EndDevice_Atmega1284_Rf230B_Gcc.a(nwk.o)
 .text.nwkResetMacResetConf
                0x0000aaa8      0x338 ./../../../../BitCloud/lib/libBc_EndDevice_Atmega1284_Rf230B_Gcc.a(nwk.o)
 .text.nwkRxIndication
                0x0000ade0      0x1fa ./../../../../BitCloud/lib/libBc_EndDevice_Atmega1284_Rf230B_Gcc.a(nwk.o)
 .text.MAC_DataInd
                0x0000afda      0x2ca ./../../../../BitCloud/lib/libBc_EndDevice_Atmega1284_Rf230B_Gcc.a(nwk.o)
                0x0000afda                MAC_DataInd
 .text.NWK_RemoveNeighbor
                0x0000b2a4       0x98 ./../../../../BitCloud/lib/libBc_EndDevice_Atmega1284_Rf230B_Gcc.a(nwk.o)
                0x0000b2a4                NWK_RemoveNeighbor
 .text.nwkLeaveFrameInd
                0x0000b33c       0xdc ./../../../../BitCloud/lib/libBc_EndDevice_Atmega1284_Rf230B_Gcc.a(nwk.o)
 .text.phySetFreq
                0x0000b418       0x66 ./../../../../BitCloud/lib/libBc_EndDevice_Atmega1284_Rf230B_Gcc.a(phyInit.o)
                0x0000b418                phySetFreq
 .text.RF_Init  0x0000b47e       0x58 ./../../../../BitCloud/lib/libBc_EndDevice_Atmega1284_Rf230B_Gcc.a(phyInit.o)
                0x0000b47e                RF_Init
 .text.PHY_Reset
                0x0000b4d6       0xae ./../../../../BitCloud/lib/libBc_EndDevice_Atmega1284_Rf230B_Gcc.a(phyReset.o)
                0x0000b4d6                PHY_Reset
 .text.phyReadFrame
                0x0000b584       0x22 ./../../../../BitCloud/lib/libBc_EndDevice_Atmega1284_Rf230B_Gcc.a(phyRfSpiProto.o)
                0x0000b584                phyReadFrame
 .text.phyWriteFrame
                0x0000b5a6       0x2e ./../../../../BitCloud/lib/libBc_EndDevice_Atmega1284_Rf230B_Gcc.a(phyRfSpiProto.o)
                0x0000b5a6                phyWriteFrame
 .text.phyReadRegister
                0x0000b5d4       0x24 ./../../../../BitCloud/lib/libBc_EndDevice_Atmega1284_Rf230B_Gcc.a(phyRfSpiProto.o)
                0x0000b5d4                phyReadRegister
 .text.phyWriteRegister
                0x0000b5f8       0x24 ./../../../../BitCloud/lib/libBc_EndDevice_Atmega1284_Rf230B_Gcc.a(phyRfSpiProto.o)
                0x0000b5f8                phyWriteRegister
 .text.PHY_DownloadFrame
                0x0000b61c      0x196 ./../../../../BitCloud/lib/libBc_EndDevice_Atmega1284_Rf230B_Gcc.a(phyRxFrame.o)
                0x0000b61c                PHY_DownloadFrame
 .text.storeParameterToRf
                0x0000b7b2       0x4a ./../../../../BitCloud/lib/libBc_EndDevice_Atmega1284_Rf230B_Gcc.a(phySet.o)
 .text.PHY_SetReq
                0x0000b7fc      0x1e8 ./../../../../BitCloud/lib/libBc_EndDevice_Atmega1284_Rf230B_Gcc.a(phySet.o)
                0x0000b7fc                PHY_SetReq
 .text.PHY_SetTrxStateReq
                0x0000b9e4       0x8e ./../../../../BitCloud/lib/libBc_EndDevice_Atmega1284_Rf230B_Gcc.a(phySetTrxState.o)
                0x0000b9e4                PHY_SetTrxStateReq
 .text.PHY_DataReq
                0x0000ba72       0x46 ./../../../../BitCloud/lib/libBc_EndDevice_Atmega1284_Rf230B_Gcc.a(phyTxFrame.o)
                0x0000ba72                PHY_DataReq
 .text.SYS_DuplicateTableReset
                0x0000bab8       0x52 ./../../../../BitCloud/lib/libBc_EndDevice_Atmega1284_Rf230B_Gcc.a(sysDuplicateTable.o)
                0x0000bab8                SYS_DuplicateTableReset
 .text.duplicateTableUpdate
                0x0000bb0a       0x9a ./../../../../BitCloud/lib/libBc_EndDevice_Atmega1284_Rf230B_Gcc.a(sysDuplicateTable.o)
                0x0000bb0a                duplicateTableUpdate
 .text.SYS_DuplicateTableCheck
                0x0000bba4      0x102 ./../../../../BitCloud/lib/libBc_EndDevice_Atmega1284_Rf230B_Gcc.a(sysDuplicateTable.o)
                0x0000bba4                SYS_DuplicateTableCheck
 .text.SYS_StopTimer
                0x0000bca6       0x12 ./../../../../BitCloud/lib/libBc_EndDevice_Atmega1284_Rf230B_Gcc.a(sysTimer.o)
                0x0000bca6                SYS_StopTimer
 .text.SYS_InitTimer
                0x0000bcb8       0x44 ./../../../../BitCloud/lib/libBc_EndDevice_Atmega1284_Rf230B_Gcc.a(sysTimer.o)
                0x0000bcb8                SYS_InitTimer
 .text.SYS_StartTimer
                0x0000bcfc       0x14 ./../../../../BitCloud/lib/libBc_EndDevice_Atmega1284_Rf230B_Gcc.a(sysTimer.o)
                0x0000bcfc                SYS_StartTimer
 .text.zdoBindManagerRequestCreate
                0x0000bd10      0x110 ./../../../../BitCloud/lib/libBc_EndDevice_Atmega1284_Rf230B_Gcc.a(zdoBindingManager.o)
                0x0000bd10                zdoBindManagerRequestCreate
 .text.formApsDataReq
                0x0000be20       0xb6 ./../../../../BitCloud/lib/libBc_EndDevice_Atmega1284_Rf230B_Gcc.a(zdoBindingManager.o)
 .text.apsDataConfHandler
                0x0000bed6        0x8 ./../../../../BitCloud/lib/libBc_EndDevice_Atmega1284_Rf230B_Gcc.a(zdoBindingManager.o)
 .text.zdoBindManagerInd
                0x0000bede      0x218 ./../../../../BitCloud/lib/libBc_EndDevice_Atmega1284_Rf230B_Gcc.a(zdoBindingManager.o)
                0x0000bede                zdoBindManagerInd
 .text.buildResponseHeader
                0x0000c0f6       0xa6 ./../../../../BitCloud/lib/libBc_EndDevice_Atmega1284_Rf230B_Gcc.a(zdoDiscoveryManager.o)
 .text.confirmResponse
                0x0000c19c        0x8 ./../../../../BitCloud/lib/libBc_EndDevice_Atmega1284_Rf230B_Gcc.a(zdoDiscoveryManager.o)
 .text.createNwkAddrResponse
                0x0000c1a4      0x14c ./../../../../BitCloud/lib/libBc_EndDevice_Atmega1284_Rf230B_Gcc.a(zdoDiscoveryManager.o)
 .text.zdoZdpDiscoveryMessageInd
                0x0000c2f0      0x66c ./../../../../BitCloud/lib/libBc_EndDevice_Atmega1284_Rf230B_Gcc.a(zdoDiscoveryManager.o)
                0x0000c2f0                zdoZdpDiscoveryMessageInd
 .text.zdoZdpDiscoveryRequestCreate
                0x0000c95c      0x1b4 ./../../../../BitCloud/lib/libBc_EndDevice_Atmega1284_Rf230B_Gcc.a(zdoDiscoveryManager.o)
                0x0000c95c                zdoZdpDiscoveryRequestCreate
 .text.zdoInitHandler
                0x0000cb10       0xc0 ./../../../../BitCloud/lib/libBc_EndDevice_Atmega1284_Rf230B_Gcc.a(zdoInit.o)
                0x0000cb10                zdoInitHandler
 .text.RF_RandomConf
                0x0000cbd0       0x74 ./../../../../BitCloud/lib/libBc_EndDevice_Atmega1284_Rf230B_Gcc.a(zdoInit.o)
 .text.APS_StopConf
                0x0000cc44       0x14 ./../../../../BitCloud/lib/libBc_EndDevice_Atmega1284_Rf230B_Gcc.a(zdoLeaveNetwork.o)
 .text.zdoLeaveNetworkAlloc
                0x0000cc58       0x1e ./../../../../BitCloud/lib/libBc_EndDevice_Atmega1284_Rf230B_Gcc.a(zdoLeaveNetwork.o)
                0x0000cc58                zdoLeaveNetworkAlloc
 .text.zdoLeaveNetworkFree
                0x0000cc76        0xe ./../../../../BitCloud/lib/libBc_EndDevice_Atmega1284_Rf230B_Gcc.a(zdoLeaveNetwork.o)
                0x0000cc76                zdoLeaveNetworkFree
 .text.zdoLeaveNetworkReset
                0x0000cc84        0xe ./../../../../BitCloud/lib/libBc_EndDevice_Atmega1284_Rf230B_Gcc.a(zdoLeaveNetwork.o)
                0x0000cc84                zdoLeaveNetworkReset
 .text.zdoLeaveNetwork
                0x0000cc92       0x64 ./../../../../BitCloud/lib/libBc_EndDevice_Atmega1284_Rf230B_Gcc.a(zdoLeaveNetwork.o)
                0x0000cc92                zdoLeaveNetwork
 .text.zdoLeaveNetworkReq
                0x0000ccf6       0x22 ./../../../../BitCloud/lib/libBc_EndDevice_Atmega1284_Rf230B_Gcc.a(zdoLeaveNetwork.o)
                0x0000ccf6                zdoLeaveNetworkReq
 .text.leaveNetworkInd
                0x0000cd18       0x52 ./../../../../BitCloud/lib/libBc_EndDevice_Atmega1284_Rf230B_Gcc.a(zdoLeaveNetwork.o)
 .text.NWK_LeaveConf
                0x0000cd6a        0xe ./../../../../BitCloud/lib/libBc_EndDevice_Atmega1284_Rf230B_Gcc.a(zdoLeaveNetwork.o)
 .text.zdoLeaveNetworkInd
                0x0000cd78       0x1a ./../../../../BitCloud/lib/libBc_EndDevice_Atmega1284_Rf230B_Gcc.a(zdoLeaveNetwork.o)
                0x0000cd78                zdoLeaveNetworkInd
 .text.leaveConfirm
                0x0000cd92       0x50 ./../../../../BitCloud/lib/libBc_EndDevice_Atmega1284_Rf230B_Gcc.a(zdoLeaveNetwork.o)
 .text.rejoinConfirm
                0x0000cde2       0x2c ./../../../../BitCloud/lib/libBc_EndDevice_Atmega1284_Rf230B_Gcc.a(zdoLeaveNetwork.o)
 .text.zdoUpdateRandSeed
                0x0000ce0e       0x16 ./../../../../BitCloud/lib/libBc_EndDevice_Atmega1284_Rf230B_Gcc.a(zdoManager.o)
                0x0000ce0e                zdoUpdateRandSeed
 .text.zdoUpdateRandSeedTimerFired
                0x0000ce24       0x16 ./../../../../BitCloud/lib/libBc_EndDevice_Atmega1284_Rf230B_Gcc.a(zdoManager.o)
 .text.RF_RandomConfUpdater
                0x0000ce3a       0x7e ./../../../../BitCloud/lib/libBc_EndDevice_Atmega1284_Rf230B_Gcc.a(zdoManager.o)
 .text.zdoZdpNodeManagerReset
                0x0000ceb8        0x8 ./../../../../BitCloud/lib/libBc_EndDevice_Atmega1284_Rf230B_Gcc.a(zdoNodeManager.o)
                0x0000ceb8                zdoZdpNodeManagerReset
 .text.zdoSetChannelChangeTimer
                0x0000cec0       0x7e ./../../../../BitCloud/lib/libBc_EndDevice_Atmega1284_Rf230B_Gcc.a(zdoNodeManager.o)
                0x0000cec0                zdoSetChannelChangeTimer
 .text.zdoExecuteEDScan
                0x0000cf3e       0x36 ./../../../../BitCloud/lib/libBc_EndDevice_Atmega1284_Rf230B_Gcc.a(zdoNodeManager.o)
                0x0000cf3e                zdoExecuteEDScan
 .text.confirmNwkUpdateNotify
                0x0000cf74       0x2e ./../../../../BitCloud/lib/libBc_EndDevice_Atmega1284_Rf230B_Gcc.a(zdoNodeManager.o)
 .text.sendNwkUpdateNotify
                0x0000cfa2       0x3e ./../../../../BitCloud/lib/libBc_EndDevice_Atmega1284_Rf230B_Gcc.a(zdoNodeManager.o)
 .text.NWK_EDScanConf
                0x0000cfe0       0x10 ./../../../../BitCloud/lib/libBc_EndDevice_Atmega1284_Rf230B_Gcc.a(zdoNodeManager.o)
 .text.zdpNodeWaitTimerFired
                0x0000cff0       0x2c ./../../../../BitCloud/lib/libBc_EndDevice_Atmega1284_Rf230B_Gcc.a(zdoNodeManager.o)
                0x0000cff0                zdpNodeWaitTimerFired
 .text.MAC_SetConf
                0x0000d01c       0x54 ./../../../../BitCloud/lib/libBc_EndDevice_Atmega1284_Rf230B_Gcc.a(zdoNodeManager.o)
 .text.confirmLqiResponse
                0x0000d070        0x8 ./../../../../BitCloud/lib/libBc_EndDevice_Atmega1284_Rf230B_Gcc.a(zdoNodeManager.o)
 .text.confirmPermitJoiningResponse
                0x0000d078        0x8 ./../../../../BitCloud/lib/libBc_EndDevice_Atmega1284_Rf230B_Gcc.a(zdoNodeManager.o)
 .text.confirmLeaveResponse
                0x0000d080       0x26 ./../../../../BitCloud/lib/libBc_EndDevice_Atmega1284_Rf230B_Gcc.a(zdoNodeManager.o)
 .text.zdoZdpNodeMessageInd
                0x0000d0a6      0x33a ./../../../../BitCloud/lib/libBc_EndDevice_Atmega1284_Rf230B_Gcc.a(zdoNodeManager.o)
                0x0000d0a6                zdoZdpNodeMessageInd
 .text.zdoZdpNodeRequestCreate
                0x0000d3e0      0x28e ./../../../../BitCloud/lib/libBc_EndDevice_Atmega1284_Rf230B_Gcc.a(zdoNodeManager.o)
                0x0000d3e0                zdoZdpNodeRequestCreate
 .text.ZDO_NotifyAddressConflict
                0x0000d66e       0x28 ./../../../../BitCloud/lib/libBc_EndDevice_Atmega1284_Rf230B_Gcc.a(zdoNotify.o)
                0x0000d66e                ZDO_NotifyAddressConflict
 .text.ZDO_NotifyNwkUpdate
                0x0000d696       0x48 ./../../../../BitCloud/lib/libBc_EndDevice_Atmega1284_Rf230B_Gcc.a(zdoNotify.o)
                0x0000d696                ZDO_NotifyNwkUpdate
 .text.ZDO_NotifyGeneral
                0x0000d6de        0x6 ./../../../../BitCloud/lib/libBc_EndDevice_Atmega1284_Rf230B_Gcc.a(zdoNotify.o)
                0x0000d6de                ZDO_NotifyGeneral
 .text.ZDO_NotifyChildUpdate
                0x0000d6e4       0x64 ./../../../../BitCloud/lib/libBc_EndDevice_Atmega1284_Rf230B_Gcc.a(zdoNotify.o)
                0x0000d6e4                ZDO_NotifyChildUpdate
 .text.zdoNwkManagerReset
                0x0000d748       0x10 ./../../../../BitCloud/lib/libBc_EndDevice_Atmega1284_Rf230B_Gcc.a(zdoNwkManager.o)
                0x0000d748                zdoNwkManagerReset
 .text.zdoSendDeviceAnnce
                0x0000d758       0xac ./../../../../BitCloud/lib/libBc_EndDevice_Atmega1284_Rf230B_Gcc.a(zdoNwkManager.o)
                0x0000d758                zdoSendDeviceAnnce
 .text.zdoSendDeviceAnnceConf
                0x0000d804       0x38 ./../../../../BitCloud/lib/libBc_EndDevice_Atmega1284_Rf230B_Gcc.a(zdoNwkManager.o)
 .text.NWK_NwkStatusInd
                0x0000d83c       0xb2 ./../../../../BitCloud/lib/libBc_EndDevice_Atmega1284_Rf230B_Gcc.a(zdoNwkManager.o)
                0x0000d83c                NWK_NwkStatusInd
 .text.NWK_LeaveInd
                0x0000d8ee       0x6c ./../../../../BitCloud/lib/libBc_EndDevice_Atmega1284_Rf230B_Gcc.a(zdoNwkManager.o)
                0x0000d8ee                NWK_LeaveInd
 .text.zdoPowerManagerReset
                0x0000d95a       0x1e ./../../../../BitCloud/lib/libBc_EndDevice_Atmega1284_Rf230B_Gcc.a(zdoPowerManager.o)
                0x0000d95a                zdoPowerManagerReset
 .text.sleepConfirm
                0x0000d978       0x24 ./../../../../BitCloud/lib/libBc_EndDevice_Atmega1284_Rf230B_Gcc.a(zdoPowerManager.o)
 .text.wakeUpConfirm
                0x0000d99c       0x24 ./../../../../BitCloud/lib/libBc_EndDevice_Atmega1284_Rf230B_Gcc.a(zdoPowerManager.o)
 .text.ZDO_StopSyncReq
                0x0000d9c0       0x1c ./../../../../BitCloud/lib/libBc_EndDevice_Atmega1284_Rf230B_Gcc.a(zdoPowerManager.o)
                0x0000d9c0                ZDO_StopSyncReq
 .text.sendSyncReq
                0x0000d9dc       0x30 ./../../../../BitCloud/lib/libBc_EndDevice_Atmega1284_Rf230B_Gcc.a(zdoPowerManager.o)
 .text.wakeupCallback
                0x0000da0c        0xe ./../../../../BitCloud/lib/libBc_EndDevice_Atmega1284_Rf230B_Gcc.a(zdoPowerManager.o)
 .text.zdoPowerManagerHandler
                0x0000da1a       0xbc ./../../../../BitCloud/lib/libBc_EndDevice_Atmega1284_Rf230B_Gcc.a(zdoPowerManager.o)
                0x0000da1a                zdoPowerManagerHandler
 .text.ZDO_StartSyncReq
                0x0000dad6       0x3e ./../../../../BitCloud/lib/libBc_EndDevice_Atmega1284_Rf230B_Gcc.a(zdoPowerManager.o)
                0x0000dad6                ZDO_StartSyncReq
 .text.startSyncTimer
                0x0000db14       0x5a ./../../../../BitCloud/lib/libBc_EndDevice_Atmega1284_Rf230B_Gcc.a(zdoPowerManager.o)
 .text.NWK_SyncConf
                0x0000db6e       0x5a ./../../../../BitCloud/lib/libBc_EndDevice_Atmega1284_Rf230B_Gcc.a(zdoPowerManager.o)
 .text.zdoReset
                0x0000dbc8       0x3c ./../../../../BitCloud/lib/libBc_EndDevice_Atmega1284_Rf230B_Gcc.a(zdoReset.o)
                0x0000dbc8                zdoReset
 .text.zdoResetNetworkReset
                0x0000dc04        0x6 ./../../../../BitCloud/lib/libBc_EndDevice_Atmega1284_Rf230B_Gcc.a(zdoResetNetwork.o)
                0x0000dc04                zdoResetNetworkReset
 .text.zdoSecurityManagerHandler
                0x0000dc0a        0x2 ./../../../../BitCloud/lib/libBc_EndDevice_Atmega1284_Rf230B_Gcc.a(zdoSecurityManager.o)
                0x0000dc0a                zdoSecurityManagerHandler
 .text.zdoAuthenticationStart
                0x0000dc0c        0x8 ./../../../../BitCloud/lib/libBc_EndDevice_Atmega1284_Rf230B_Gcc.a(zdoSecurityManager.o)
                0x0000dc0c                zdoAuthenticationStart
 .text.confirm  0x0000dc14       0x10 ./../../../../BitCloud/lib/libBc_EndDevice_Atmega1284_Rf230B_Gcc.a(zdoStartNetwork.o)
 .text.zdoStartNetworkAlloc
                0x0000dc24       0x1e ./../../../../BitCloud/lib/libBc_EndDevice_Atmega1284_Rf230B_Gcc.a(zdoStartNetwork.o)
                0x0000dc24                zdoStartNetworkAlloc
 .text.zdoStartNetworkReset
                0x0000dc42       0x54 ./../../../../BitCloud/lib/libBc_EndDevice_Atmega1284_Rf230B_Gcc.a(zdoStartNetwork.o)
                0x0000dc42                zdoStartNetworkReset
 .text.checkRequestsQueue
                0x0000dc96       0x2c ./../../../../BitCloud/lib/libBc_EndDevice_Atmega1284_Rf230B_Gcc.a(zdoStartNetwork.o)
 .text.zdoStartNetworkFree
                0x0000dcc2        0xe ./../../../../BitCloud/lib/libBc_EndDevice_Atmega1284_Rf230B_Gcc.a(zdoStartNetwork.o)
                0x0000dcc2                zdoStartNetworkFree
 .text.startConfirm
                0x0000dcd0       0x18 ./../../../../BitCloud/lib/libBc_EndDevice_Atmega1284_Rf230B_Gcc.a(zdoStartNetwork.o)
 .text.deviceAnnceConf
                0x0000dce8       0x16 ./../../../../BitCloud/lib/libBc_EndDevice_Atmega1284_Rf230B_Gcc.a(zdoStartNetwork.o)
 .text.APS_StartConf
                0x0000dcfe       0x48 ./../../../../BitCloud/lib/libBc_EndDevice_Atmega1284_Rf230B_Gcc.a(zdoStartNetwork.o)
 .text.zdoAuthenticationConf
                0x0000dd46       0x46 ./../../../../BitCloud/lib/libBc_EndDevice_Atmega1284_Rf230B_Gcc.a(zdoStartNetwork.o)
                0x0000dd46                zdoAuthenticationConf
 .text.joinNetwork
                0x0000dd8c       0x8c ./../../../../BitCloud/lib/libBc_EndDevice_Atmega1284_Rf230B_Gcc.a(zdoStartNetwork.o)
 .text.zdoRejoinNetwork
                0x0000de18       0x1c ./../../../../BitCloud/lib/libBc_EndDevice_Atmega1284_Rf230B_Gcc.a(zdoStartNetwork.o)
                0x0000de18                zdoRejoinNetwork
 .text.joinTimerFired
                0x0000de34        0x6 ./../../../../BitCloud/lib/libBc_EndDevice_Atmega1284_Rf230B_Gcc.a(zdoStartNetwork.o)
 .text.joined   0x0000de3a        0xc ./../../../../BitCloud/lib/libBc_EndDevice_Atmega1284_Rf230B_Gcc.a(zdoStartNetwork.o)
 .text.NWK_JoinConf
                0x0000de46       0x7a ./../../../../BitCloud/lib/libBc_EndDevice_Atmega1284_Rf230B_Gcc.a(zdoStartNetwork.o)
 .text.zdoStartNetworkTaskHandler
                0x0000dec0      0x136 ./../../../../BitCloud/lib/libBc_EndDevice_Atmega1284_Rf230B_Gcc.a(zdoStartNetwork.o)
                0x0000dec0                zdoStartNetworkTaskHandler
 .text.APS_ResetConf
                0x0000dff6       0x3e ./../../../../BitCloud/lib/libBc_EndDevice_Atmega1284_Rf230B_Gcc.a(zdoStartNetwork.o)
 .text.setNetworkParametersToZib
                0x0000e034       0x48 ./../../../../BitCloud/lib/libBc_EndDevice_Atmega1284_Rf230B_Gcc.a(zdoZib.o)
                0x0000e034                setNetworkParametersToZib
 .text.zdoReloadZibFromConfigServer
                0x0000e07c       0xe0 ./../../../../BitCloud/lib/libBc_EndDevice_Atmega1284_Rf230B_Gcc.a(zdoZib.o)
                0x0000e07c                zdoReloadZibFromConfigServer
 .text.SYS_Sleep
                0x0000e15c        0x6 ./../../../../BitCloud/lib/libBc_EndDevice_Atmega1284_Rf230B_Gcc.a(bcSysSleep.o)
                0x0000e15c                SYS_Sleep
 .text.macenvGetPhySymbolDuration
                0x0000e162       0x46 ./../../../../BitCloud/lib/libBc_EndDevice_Atmega1284_Rf230B_Gcc.a(macenvPib.o)
                0x0000e162                macenvGetPhySymbolDuration
 .text.macenvCalculateResponceWaitTimeInMs
                0x0000e1a8       0x4c ./../../../../BitCloud/lib/libBc_EndDevice_Atmega1284_Rf230B_Gcc.a(macenvPib.o)
                0x0000e1a8                macenvCalculateResponceWaitTimeInMs
 .text.getSymbolsPerOctet
                0x0000e1f4       0x36 ./../../../../BitCloud/lib/libBc_EndDevice_Atmega1284_Rf230B_Gcc.a(macenvPib.o)
 .text.calculateMaxFrameDuration
                0x0000e22a       0x22 ./../../../../BitCloud/lib/libBc_EndDevice_Atmega1284_Rf230B_Gcc.a(macenvPib.o)
 .text.macenvCalculateMaxFrameTotalWaitTimeInMs
                0x0000e24c      0x130 ./../../../../BitCloud/lib/libBc_EndDevice_Atmega1284_Rf230B_Gcc.a(macenvPib.o)
                0x0000e24c                macenvCalculateMaxFrameTotalWaitTimeInMs
 .text.storeTransmitPower
                0x0000e37c       0x4a ./../../../../BitCloud/lib/libBc_EndDevice_Atmega1284_Rf230B_Gcc.a(macenvPib.o)
 .text.macenvGetPibAttr
                0x0000e3c6      0x132 ./../../../../BitCloud/lib/libBc_EndDevice_Atmega1284_Rf230B_Gcc.a(macenvPib.o)
                0x0000e3c6                macenvGetPibAttr
 .text.updateMaxFrameTxTime
                0x0000e4f8       0x3c ./../../../../BitCloud/lib/libBc_EndDevice_Atmega1284_Rf230B_Gcc.a(macenvPib.o)
 .text.macenvSetPibAttr
                0x0000e534      0x194 ./../../../../BitCloud/lib/libBc_EndDevice_Atmega1284_Rf230B_Gcc.a(macenvPib.o)
                0x0000e534                macenvSetPibAttr
 .text.macenvResetPib
                0x0000e6c8      0x10a ./../../../../BitCloud/lib/libBc_EndDevice_Atmega1284_Rf230B_Gcc.a(macenvPib.o)
                0x0000e6c8                macenvResetPib
 .text.machwdEdTaskHandler
                0x0000e7d2       0x22 ./../../../../BitCloud/lib/libBc_EndDevice_Atmega1284_Rf230B_Gcc.a(machwdEdHandler.o)
                0x0000e7d2                machwdEdTaskHandler
 .text.machwdResetEdHandler
                0x0000e7f4        0x6 ./../../../../BitCloud/lib/libBc_EndDevice_Atmega1284_Rf230B_Gcc.a(machwdEdHandler.o)
                0x0000e7f4                machwdResetEdHandler
 .text.machwdEdReqHandler
                0x0000e7fa       0x28 ./../../../../BitCloud/lib/libBc_EndDevice_Atmega1284_Rf230B_Gcc.a(machwdEdHandler.o)
                0x0000e7fa                machwdEdReqHandler
 .text.composePanIdAndAddress
                0x0000e822       0x50 ./../../../../BitCloud/lib/libBc_EndDevice_Atmega1284_Rf230B_Gcc.a(machwdFrameRoutine.o)
 .text.machwdComposeFrame
                0x0000e872      0x17e ./../../../../BitCloud/lib/libBc_EndDevice_Atmega1284_Rf230B_Gcc.a(machwdFrameRoutine.o)
                0x0000e872                machwdComposeFrame
 .text.parsePanIdAndAddress
                0x0000e9f0       0x48 ./../../../../BitCloud/lib/libBc_EndDevice_Atmega1284_Rf230B_Gcc.a(machwdFrameRoutine.o)
 .text.machwdParseFrame
                0x0000ea38      0x246 ./../../../../BitCloud/lib/libBc_EndDevice_Atmega1284_Rf230B_Gcc.a(machwdFrameRoutine.o)
                0x0000ea38                machwdParseFrame
 .text.machwdGetHandlerId